SQL> select to_char(3456.78,'99,999.99') from dual;

TO_CHAR(34                                                                      
----------                                                                      
  3,456.78                                                                      

SQL> select to_char(3456.78,'00,000.00') from dual;

TO_CHAR(34                                                                      
----------                                                                      
 03,456.78                                                                      

SQL> select to_char(3456.78,'L99,999.99') from dual;

TO_CHAR(3456.78,'L99                                                            
--------------------                                                            
           $3,456.78                                                            

SQL> alter session set nls_currency='Rs.';

Session altered.

SQL> select to_char(3456.78,'L99,999.99') from dual;

TO_CHAR(3456.78,'L99                                                            
--------------------                                                            
         Rs.3,456.78                                                            

SQL> select to_date('09-dec-15')+5 from dual;

TO_DATE('                                                                       
---------                                                                       
14-DEC-15                                                                       

SQL> select to_date('09/12/19','mm/dd/yy')+5 from dual;

TO_DATE('                                                                       
---------                                                                       
17-SEP-19                                                                       

SQL> select to_date('09/12/19','dd/mm/yy')+5 from dual;

TO_DATE('                                                                       
---------                                                                       
14-DEC-19                                                                       

SQL> select nvl(1234,null) from dual;

NVL(1234,NULL)                                                                  
--------------                                                                  
          1234                                                                  

SQL> select nvl(null,1) from dual;

NVL(NULL,1)                                                                     
-----------                                                                     
          1                                                                     

SQL> select employee_id,salary, commission_pct*salary
  2  from employees;

EMPLOYEE_ID     SALARY COMMISSION_PCT*SALARY                                    
----------- ---------- ---------------------                                    
        100      24000                                                          
        101      17000                                                          
        102      17000                                                          
        103       9000                                                          
        104       6000                                                          
        105       4800                                                          
        106       4800                                                          
        107       4200                                                          
        108      12008                                                          
        109       9000                                                          
        110       8200                                                          

EMPLOYEE_ID     SALARY COMMISSION_PCT*SALARY                                    
----------- ---------- ---------------------                                    
        111       7700                                                          
        112       7800                                                          
        113       6900                                                          
        114      11000                                                          
        115       3100                                                          
        116       2900                                                          
        117       2800                                                          
        118       2600                                                          
        119       2500                                                          
        120       8000                                                          
        121       8200                                                          

EMPLOYEE_ID     SALARY COMMISSION_PCT*SALARY                                    
----------- ---------- ---------------------                                    
        122       7900                                                          
        123       6500                                                          
        124       5800                                                          
        125       3200                                                          
        126       2700                                                          
        127       2400                                                          
        128       2200                                                          
        129       3300                                                          
        130       2800                                                          
        131       2500                                                          
        132       2100                                                          

EMPLOYEE_ID     SALARY COMMISSION_PCT*SALARY                                    
----------- ---------- ---------------------                                    
        133       3300                                                          
        134       2900                                                          
        135       2400                                                          
        136       2200                                                          
        137       3600                                                          
        138       3200                                                          
        139       2700                                                          
        140       2500                                                          
        141       3500                                                          
        142       3100                                                          
        143       2600                                                          

EMPLOYEE_ID     SALARY COMMISSION_PCT*SALARY                                    
----------- ---------- ---------------------                                    
        144       2500                                                          
        145      14000                  5600                                    
        146      13500                  4050                                    
        147      12000                  3600                                    
        148      11000                  3300                                    
        149      10500                  2100                                    
        150      10000                  3000                                    
        151       9500                  2375                                    
        152       9000                  2250                                    
        153       8000                  1600                                    
        154       7500                  1500                                    

EMPLOYEE_ID     SALARY COMMISSION_PCT*SALARY                                    
----------- ---------- ---------------------                                    
        155       7000                  1050                                    
        156      10000                  3500                                    
        157       9500                  3325                                    
        158       9000                  3150                                    
        159       8000                  2400                                    
        160       7500                  2250                                    
        161       7000                  1750                                    
        162      10500                  2625                                    
        163       9500                  1425                                    
        164       7200                   720                                    
        165       6800                   680                                    

EMPLOYEE_ID     SALARY COMMISSION_PCT*SALARY                                    
----------- ---------- ---------------------                                    
        166       6400                   640                                    
        167       6200                   620                                    
        168      11500                  2875                                    
        169      10000                  2000                                    
        170       9600                  1920                                    
        171       7400                  1110                                    
        172       7300                  1095                                    
        173       6100                   610                                    
        174      11000                  3300                                    
        175       8800                  2200                                    
        176       8600                  1720                                    

EMPLOYEE_ID     SALARY COMMISSION_PCT*SALARY                                    
----------- ---------- ---------------------                                    
        177       8400                  1680                                    
        178       7000                  1050                                    
        179       6200                   620                                    
        180       3200                                                          
        181       3100                                                          
        182       2500                                                          
        183       2800                                                          
        184       4200                                                          
        185       4100                                                          
        186       3400                                                          
        187       3000                                                          

EMPLOYEE_ID     SALARY COMMISSION_PCT*SALARY                                    
----------- ---------- ---------------------                                    
        188       3800                                                          
        189       3600                                                          
        190       2900                                                          
        191       2500                                                          
        192       4000                                                          
        193       3900                                                          
        194       3200                                                          
        195       2800                                                          
        196       3100                                                          
        197       3000                                                          
        198       2600                                                          

EMPLOYEE_ID     SALARY COMMISSION_PCT*SALARY                                    
----------- ---------- ---------------------                                    
        199       2600                                                          
        200       4400                                                          
        201      13000                                                          
        202       6000                                                          
        203       6500                                                          
        204      10000                                                          
        205      12008                                                          
        206       8300                                                          

107 rows selected.

SQL> select employee_id,salary,commission_pct, commission_pct*salary,salary+(salary*commission_pct)
  2  from employees;

EMPLOYEE_ID     SALARY COMMISSION_PCT COMMISSION_PCT*SALARY                     
----------- ---------- -------------- ---------------------                     
SALARY+(SALARY*COMMISSION_PCT)                                                  
------------------------------                                                  
        100      24000                                                          
                                                                                
                                                                                
        101      17000                                                          
                                                                                
                                                                                
        102      17000                                                          
                                                                                
                                                                                

EMPLOYEE_ID     SALARY COMMISSION_PCT COMMISSION_PCT*SALARY                     
----------- ---------- -------------- ---------------------                     
SALARY+(SALARY*COMMISSION_PCT)                                                  
------------------------------                                                  
        103       9000                                                          
                                                                                
                                                                                
        104       6000                                                          
                                                                                
                                                                                
        105       4800                                                          
                                                                                
                                                                                

EMPLOYEE_ID     SALARY COMMISSION_PCT COMMISSION_PCT*SALARY                     
----------- ---------- -------------- ---------------------                     
SALARY+(SALARY*COMMISSION_PCT)                                                  
------------------------------                                                  
        106       4800                                                          
                                                                                
                                                                                
        107       4200                                                          
                                                                                
                                                                                
        108      12008                                                          
                                                                                
                                                                                

EMPLOYEE_ID     SALARY COMMISSION_PCT COMMISSION_PCT*SALARY                     
----------- ---------- -------------- ---------------------                     
SALARY+(SALARY*COMMISSION_PCT)                                                  
------------------------------                                                  
        109       9000                                                          
                                                                                
                                                                                
        110       8200                                                          
                                                                                
                                                                                
        111       7700                                                          
                                                                                
                                                                                

EMPLOYEE_ID     SALARY COMMISSION_PCT COMMISSION_PCT*SALARY                     
----------- ---------- -------------- ---------------------                     
SALARY+(SALARY*COMMISSION_PCT)                                                  
------------------------------                                                  
        112       7800                                                          
                                                                                
                                                                                
        113       6900                                                          
                                                                                
                                                                                
        114      11000                                                          
                                                                                
                                                                                

EMPLOYEE_ID     SALARY COMMISSION_PCT COMMISSION_PCT*SALARY                     
----------- ---------- -------------- ---------------------                     
SALARY+(SALARY*COMMISSION_PCT)                                                  
------------------------------                                                  
        115       3100                                                          
                                                                                
                                                                                
        116       2900                                                          
                                                                                
                                                                                
        117       2800                                                          
                                                                                
                                                                                

EMPLOYEE_ID     SALARY COMMISSION_PCT COMMISSION_PCT*SALARY                     
----------- ---------- -------------- ---------------------                     
SALARY+(SALARY*COMMISSION_PCT)                                                  
------------------------------                                                  
        118       2600                                                          
                                                                                
                                                                                
        119       2500                                                          
                                                                                
                                                                                
        120       8000                                                          
                                                                                
                                                                                

EMPLOYEE_ID     SALARY COMMISSION_PCT COMMISSION_PCT*SALARY                     
----------- ---------- -------------- ---------------------                     
SALARY+(SALARY*COMMISSION_PCT)                                                  
------------------------------                                                  
        121       8200                                                          
                                                                                
                                                                                
        122       7900                                                          
                                                                                
                                                                                
        123       6500                                                          
                                                                                
                                                                                

EMPLOYEE_ID     SALARY COMMISSION_PCT COMMISSION_PCT*SALARY                     
----------- ---------- -------------- ---------------------                     
SALARY+(SALARY*COMMISSION_PCT)                                                  
------------------------------                                                  
        124       5800                                                          
                                                                                
                                                                                
        125       3200                                                          
                                                                                
                                                                                
        126       2700                                                          
                                                                                
                                                                                

EMPLOYEE_ID     SALARY COMMISSION_PCT COMMISSION_PCT*SALARY                     
----------- ---------- -------------- ---------------------                     
SALARY+(SALARY*COMMISSION_PCT)                                                  
------------------------------                                                  
        127       2400                                                          
                                                                                
                                                                                
        128       2200                                                          
                                                                                
                                                                                
        129       3300                                                          
                                                                                
                                                                                

EMPLOYEE_ID     SALARY COMMISSION_PCT COMMISSION_PCT*SALARY                     
----------- ---------- -------------- ---------------------                     
SALARY+(SALARY*COMMISSION_PCT)                                                  
------------------------------                                                  
        130       2800                                                          
                                                                                
                                                                                
        131       2500                                                          
                                                                                
                                                                                
        132       2100                                                          
                                                                                
                                                                                

EMPLOYEE_ID     SALARY COMMISSION_PCT COMMISSION_PCT*SALARY                     
----------- ---------- -------------- ---------------------                     
SALARY+(SALARY*COMMISSION_PCT)                                                  
------------------------------                                                  
        133       3300                                                          
                                                                                
                                                                                
        134       2900                                                          
                                                                                
                                                                                
        135       2400                                                          
                                                                                
                                                                                

EMPLOYEE_ID     SALARY COMMISSION_PCT COMMISSION_PCT*SALARY                     
----------- ---------- -------------- ---------------------                     
SALARY+(SALARY*COMMISSION_PCT)                                                  
------------------------------                                                  
        136       2200                                                          
                                                                                
                                                                                
        137       3600                                                          
                                                                                
                                                                                
        138       3200                                                          
                                                                                
                                                                                

EMPLOYEE_ID     SALARY COMMISSION_PCT COMMISSION_PCT*SALARY                     
----------- ---------- -------------- ---------------------                     
SALARY+(SALARY*COMMISSION_PCT)                                                  
------------------------------                                                  
        139       2700                                                          
                                                                                
                                                                                
        140       2500                                                          
                                                                                
                                                                                
        141       3500                                                          
                                                                                
                                                                                

EMPLOYEE_ID     SALARY COMMISSION_PCT COMMISSION_PCT*SALARY                     
----------- ---------- -------------- ---------------------                     
SALARY+(SALARY*COMMISSION_PCT)                                                  
------------------------------                                                  
        142       3100                                                          
                                                                                
                                                                                
        143       2600                                                          
                                                                                
                                                                                
        144       2500                                                          
                                                                                
                                                                                

EMPLOYEE_ID     SALARY COMMISSION_PCT COMMISSION_PCT*SALARY                     
----------- ---------- -------------- ---------------------                     
SALARY+(SALARY*COMMISSION_PCT)                                                  
------------------------------                                                  
        145      14000             .4                  5600                     
                         19600                                                  
                                                                                
        146      13500             .3                  4050                     
                         17550                                                  
                                                                                
        147      12000             .3                  3600                     
                         15600                                                  
                                                                                

EMPLOYEE_ID     SALARY COMMISSION_PCT COMMISSION_PCT*SALARY                     
----------- ---------- -------------- ---------------------                     
SALARY+(SALARY*COMMISSION_PCT)                                                  
------------------------------                                                  
        148      11000             .3                  3300                     
                         14300                                                  
                                                                                
        149      10500             .2                  2100                     
                         12600                                                  
                                                                                
        150      10000             .3                  3000                     
                         13000                                                  
                                                                                

EMPLOYEE_ID     SALARY COMMISSION_PCT COMMISSION_PCT*SALARY                     
----------- ---------- -------------- ---------------------                     
SALARY+(SALARY*COMMISSION_PCT)                                                  
------------------------------                                                  
        151       9500            .25                  2375                     
                         11875                                                  
                                                                                
        152       9000            .25                  2250                     
                         11250                                                  
                                                                                
        153       8000             .2                  1600                     
                          9600                                                  
                                                                                

EMPLOYEE_ID     SALARY COMMISSION_PCT COMMISSION_PCT*SALARY                     
----------- ---------- -------------- ---------------------                     
SALARY+(SALARY*COMMISSION_PCT)                                                  
------------------------------                                                  
        154       7500             .2                  1500                     
                          9000                                                  
                                                                                
        155       7000            .15                  1050                     
                          8050                                                  
                                                                                
        156      10000            .35                  3500                     
                         13500                                                  
                                                                                

EMPLOYEE_ID     SALARY COMMISSION_PCT COMMISSION_PCT*SALARY                     
----------- ---------- -------------- ---------------------                     
SALARY+(SALARY*COMMISSION_PCT)                                                  
------------------------------                                                  
        157       9500            .35                  3325                     
                         12825                                                  
                                                                                
        158       9000            .35                  3150                     
                         12150                                                  
                                                                                
        159       8000             .3                  2400                     
                         10400                                                  
                                                                                

EMPLOYEE_ID     SALARY COMMISSION_PCT COMMISSION_PCT*SALARY                     
----------- ---------- -------------- ---------------------                     
SALARY+(SALARY*COMMISSION_PCT)                                                  
------------------------------                                                  
        160       7500             .3                  2250                     
                          9750                                                  
                                                                                
        161       7000            .25                  1750                     
                          8750                                                  
                                                                                
        162      10500            .25                  2625                     
                         13125                                                  
                                                                                

EMPLOYEE_ID     SALARY COMMISSION_PCT COMMISSION_PCT*SALARY                     
----------- ---------- -------------- ---------------------                     
SALARY+(SALARY*COMMISSION_PCT)                                                  
------------------------------                                                  
        163       9500            .15                  1425                     
                         10925                                                  
                                                                                
        164       7200             .1                   720                     
                          7920                                                  
                                                                                
        165       6800             .1                   680                     
                          7480                                                  
                                                                                

EMPLOYEE_ID     SALARY COMMISSION_PCT COMMISSION_PCT*SALARY                     
----------- ---------- -------------- ---------------------                     
SALARY+(SALARY*COMMISSION_PCT)                                                  
------------------------------                                                  
        166       6400             .1                   640                     
                          7040                                                  
                                                                                
        167       6200             .1                   620                     
                          6820                                                  
                                                                                
        168      11500            .25                  2875                     
                         14375                                                  
                                                                                

EMPLOYEE_ID     SALARY COMMISSION_PCT COMMISSION_PCT*SALARY                     
----------- ---------- -------------- ---------------------                     
SALARY+(SALARY*COMMISSION_PCT)                                                  
------------------------------                                                  
        169      10000             .2                  2000                     
                         12000                                                  
                                                                                
        170       9600             .2                  1920                     
                         11520                                                  
                                                                                
        171       7400            .15                  1110                     
                          8510                                                  
                                                                                

EMPLOYEE_ID     SALARY COMMISSION_PCT COMMISSION_PCT*SALARY                     
----------- ---------- -------------- ---------------------                     
SALARY+(SALARY*COMMISSION_PCT)                                                  
------------------------------                                                  
        172       7300            .15                  1095                     
                          8395                                                  
                                                                                
        173       6100             .1                   610                     
                          6710                                                  
                                                                                
        174      11000             .3                  3300                     
                         14300                                                  
                                                                                

EMPLOYEE_ID     SALARY COMMISSION_PCT COMMISSION_PCT*SALARY                     
----------- ---------- -------------- ---------------------                     
SALARY+(SALARY*COMMISSION_PCT)                                                  
------------------------------                                                  
        175       8800            .25                  2200                     
                         11000                                                  
                                                                                
        176       8600             .2                  1720                     
                         10320                                                  
                                                                                
        177       8400             .2                  1680                     
                         10080                                                  
                                                                                

EMPLOYEE_ID     SALARY COMMISSION_PCT COMMISSION_PCT*SALARY                     
----------- ---------- -------------- ---------------------                     
SALARY+(SALARY*COMMISSION_PCT)                                                  
------------------------------                                                  
        178       7000            .15                  1050                     
                          8050                                                  
                                                                                
        179       6200             .1                   620                     
                          6820                                                  
                                                                                
        180       3200                                                          
                                                                                
                                                                                

EMPLOYEE_ID     SALARY COMMISSION_PCT COMMISSION_PCT*SALARY                     
----------- ---------- -------------- ---------------------                     
SALARY+(SALARY*COMMISSION_PCT)                                                  
------------------------------                                                  
        181       3100                                                          
                                                                                
                                                                                
        182       2500                                                          
                                                                                
                                                                                
        183       2800                                                          
                                                                                
                                                                                

EMPLOYEE_ID     SALARY COMMISSION_PCT COMMISSION_PCT*SALARY                     
----------- ---------- -------------- ---------------------                     
SALARY+(SALARY*COMMISSION_PCT)                                                  
------------------------------                                                  
        184       4200                                                          
                                                                                
                                                                                
        185       4100                                                          
                                                                                
                                                                                
        186       3400                                                          
                                                                                
                                                                                

EMPLOYEE_ID     SALARY COMMISSION_PCT COMMISSION_PCT*SALARY                     
----------- ---------- -------------- ---------------------                     
SALARY+(SALARY*COMMISSION_PCT)                                                  
------------------------------                                                  
        187       3000                                                          
                                                                                
                                                                                
        188       3800                                                          
                                                                                
                                                                                
        189       3600                                                          
                                                                                
                                                                                

EMPLOYEE_ID     SALARY COMMISSION_PCT COMMISSION_PCT*SALARY                     
----------- ---------- -------------- ---------------------                     
SALARY+(SALARY*COMMISSION_PCT)                                                  
------------------------------                                                  
        190       2900                                                          
                                                                                
                                                                                
        191       2500                                                          
                                                                                
                                                                                
        192       4000                                                          
                                                                                
                                                                                

EMPLOYEE_ID     SALARY COMMISSION_PCT COMMISSION_PCT*SALARY                     
----------- ---------- -------------- ---------------------                     
SALARY+(SALARY*COMMISSION_PCT)                                                  
------------------------------                                                  
        193       3900                                                          
                                                                                
                                                                                
        194       3200                                                          
                                                                                
                                                                                
        195       2800                                                          
                                                                                
                                                                                

EMPLOYEE_ID     SALARY COMMISSION_PCT COMMISSION_PCT*SALARY                     
----------- ---------- -------------- ---------------------                     
SALARY+(SALARY*COMMISSION_PCT)                                                  
------------------------------                                                  
        196       3100                                                          
                                                                                
                                                                                
        197       3000                                                          
                                                                                
                                                                                
        198       2600                                                          
                                                                                
                                                                                

EMPLOYEE_ID     SALARY COMMISSION_PCT COMMISSION_PCT*SALARY                     
----------- ---------- -------------- ---------------------                     
SALARY+(SALARY*COMMISSION_PCT)                                                  
------------------------------                                                  
        199       2600                                                          
                                                                                
                                                                                
        200       4400                                                          
                                                                                
                                                                                
        201      13000                                                          
                                                                                
                                                                                

EMPLOYEE_ID     SALARY COMMISSION_PCT COMMISSION_PCT*SALARY                     
----------- ---------- -------------- ---------------------                     
SALARY+(SALARY*COMMISSION_PCT)                                                  
------------------------------                                                  
        202       6000                                                          
                                                                                
                                                                                
        203       6500                                                          
                                                                                
                                                                                
        204      10000                                                          
                                                                                
                                                                                

EMPLOYEE_ID     SALARY COMMISSION_PCT COMMISSION_PCT*SALARY                     
----------- ---------- -------------- ---------------------                     
SALARY+(SALARY*COMMISSION_PCT)                                                  
------------------------------                                                  
        205      12008                                                          
                                                                                
                                                                                
        206       8300                                                          
                                                                                
                                                                                

107 rows selected.

SQL> 
SQL> select employee_id,salary,commission_pct, commission_pct*salary"comm" ,salary+(salary*nvl(commission_pct,0))"take home"
  2  from employees;

EMPLOYEE_ID     SALARY COMMISSION_PCT       comm  take home                     
----------- ---------- -------------- ---------- ----------                     
        100      24000                                24000                     
        101      17000                                17000                     
        102      17000                                17000                     
        103       9000                                 9000                     
        104       6000                                 6000                     
        105       4800                                 4800                     
        106       4800                                 4800                     
        107       4200                                 4200                     
        108      12008                                12008                     
        109       9000                                 9000                     
        110       8200                                 8200                     

EMPLOYEE_ID     SALARY COMMISSION_PCT       comm  take home                     
----------- ---------- -------------- ---------- ----------                     
        111       7700                                 7700                     
        112       7800                                 7800                     
        113       6900                                 6900                     
        114      11000                                11000                     
        115       3100                                 3100                     
        116       2900                                 2900                     
        117       2800                                 2800                     
        118       2600                                 2600                     
        119       2500                                 2500                     
        120       8000                                 8000                     
        121       8200                                 8200                     

EMPLOYEE_ID     SALARY COMMISSION_PCT       comm  take home                     
----------- ---------- -------------- ---------- ----------                     
        122       7900                                 7900                     
        123       6500                                 6500                     
        124       5800                                 5800                     
        125       3200                                 3200                     
        126       2700                                 2700                     
        127       2400                                 2400                     
        128       2200                                 2200                     
        129       3300                                 3300                     
        130       2800                                 2800                     
        131       2500                                 2500                     
        132       2100                                 2100                     

EMPLOYEE_ID     SALARY COMMISSION_PCT       comm  take home                     
----------- ---------- -------------- ---------- ----------                     
        133       3300                                 3300                     
        134       2900                                 2900                     
        135       2400                                 2400                     
        136       2200                                 2200                     
        137       3600                                 3600                     
        138       3200                                 3200                     
        139       2700                                 2700                     
        140       2500                                 2500                     
        141       3500                                 3500                     
        142       3100                                 3100                     
        143       2600                                 2600                     

EMPLOYEE_ID     SALARY COMMISSION_PCT       comm  take home                     
----------- ---------- -------------- ---------- ----------                     
        144       2500                                 2500                     
        145      14000             .4       5600      19600                     
        146      13500             .3       4050      17550                     
        147      12000             .3       3600      15600                     
        148      11000             .3       3300      14300                     
        149      10500             .2       2100      12600                     
        150      10000             .3       3000      13000                     
        151       9500            .25       2375      11875                     
        152       9000            .25       2250      11250                     
        153       8000             .2       1600       9600                     
        154       7500             .2       1500       9000                     

EMPLOYEE_ID     SALARY COMMISSION_PCT       comm  take home                     
----------- ---------- -------------- ---------- ----------                     
        155       7000            .15       1050       8050                     
        156      10000            .35       3500      13500                     
        157       9500            .35       3325      12825                     
        158       9000            .35       3150      12150                     
        159       8000             .3       2400      10400                     
        160       7500             .3       2250       9750                     
        161       7000            .25       1750       8750                     
        162      10500            .25       2625      13125                     
        163       9500            .15       1425      10925                     
        164       7200             .1        720       7920                     
        165       6800             .1        680       7480                     

EMPLOYEE_ID     SALARY COMMISSION_PCT       comm  take home                     
----------- ---------- -------------- ---------- ----------                     
        166       6400             .1        640       7040                     
        167       6200             .1        620       6820                     
        168      11500            .25       2875      14375                     
        169      10000             .2       2000      12000                     
        170       9600             .2       1920      11520                     
        171       7400            .15       1110       8510                     
        172       7300            .15       1095       8395                     
        173       6100             .1        610       6710                     
        174      11000             .3       3300      14300                     
        175       8800            .25       2200      11000                     
        176       8600             .2       1720      10320                     

EMPLOYEE_ID     SALARY COMMISSION_PCT       comm  take home                     
----------- ---------- -------------- ---------- ----------                     
        177       8400             .2       1680      10080                     
        178       7000            .15       1050       8050                     
        179       6200             .1        620       6820                     
        180       3200                                 3200                     
        181       3100                                 3100                     
        182       2500                                 2500                     
        183       2800                                 2800                     
        184       4200                                 4200                     
        185       4100                                 4100                     
        186       3400                                 3400                     
        187       3000                                 3000                     

EMPLOYEE_ID     SALARY COMMISSION_PCT       comm  take home                     
----------- ---------- -------------- ---------- ----------                     
        188       3800                                 3800                     
        189       3600                                 3600                     
        190       2900                                 2900                     
        191       2500                                 2500                     
        192       4000                                 4000                     
        193       3900                                 3900                     
        194       3200                                 3200                     
        195       2800                                 2800                     
        196       3100                                 3100                     
        197       3000                                 3000                     
        198       2600                                 2600                     

EMPLOYEE_ID     SALARY COMMISSION_PCT       comm  take home                     
----------- ---------- -------------- ---------- ----------                     
        199       2600                                 2600                     
        200       4400                                 4400                     
        201      13000                                13000                     
        202       6000                                 6000                     
        203       6500                                 6500                     
        204      10000                                10000                     
        205      12008                                12008                     
        206       8300                                 8300                     

107 rows selected.

SQL> select nvl2(1,2,3);
select nvl2(1,2,3)
                 *
ERROR at line 1:
ORA-00923: FROM keyword not found where expected 


SQL> select nvl2(1,2,3) from dual;

NVL2(1,2,3)                                                                     
-----------                                                                     
          2                                                                     

SQL> select nvl2(0,2,3) from dual;

NVL2(0,2,3)                                                                     
-----------                                                                     
          2                                                                     

SQL> select employee_id , salary, nvl2(commission_pct,commission_pct,0)
  2  from employees;

EMPLOYEE_ID     SALARY NVL2(COMMISSION_PCT,COMMISSION_PCT,0)                    
----------- ---------- -------------------------------------                    
        100      24000                                     0                    
        101      17000                                     0                    
        102      17000                                     0                    
        103       9000                                     0                    
        104       6000                                     0                    
        105       4800                                     0                    
        106       4800                                     0                    
        107       4200                                     0                    
        108      12008                                     0                    
        109       9000                                     0                    
        110       8200                                     0                    

EMPLOYEE_ID     SALARY NVL2(COMMISSION_PCT,COMMISSION_PCT,0)                    
----------- ---------- -------------------------------------                    
        111       7700                                     0                    
        112       7800                                     0                    
        113       6900                                     0                    
        114      11000                                     0                    
        115       3100                                     0                    
        116       2900                                     0                    
        117       2800                                     0                    
        118       2600                                     0                    
        119       2500                                     0                    
        120       8000                                     0                    
        121       8200                                     0                    

EMPLOYEE_ID     SALARY NVL2(COMMISSION_PCT,COMMISSION_PCT,0)                    
----------- ---------- -------------------------------------                    
        122       7900                                     0                    
        123       6500                                     0                    
        124       5800                                     0                    
        125       3200                                     0                    
        126       2700                                     0                    
        127       2400                                     0                    
        128       2200                                     0                    
        129       3300                                     0                    
        130       2800                                     0                    
        131       2500                                     0                    
        132       2100                                     0                    

EMPLOYEE_ID     SALARY NVL2(COMMISSION_PCT,COMMISSION_PCT,0)                    
----------- ---------- -------------------------------------                    
        133       3300                                     0                    
        134       2900                                     0                    
        135       2400                                     0                    
        136       2200                                     0                    
        137       3600                                     0                    
        138       3200                                     0                    
        139       2700                                     0                    
        140       2500                                     0                    
        141       3500                                     0                    
        142       3100                                     0                    
        143       2600                                     0                    

EMPLOYEE_ID     SALARY NVL2(COMMISSION_PCT,COMMISSION_PCT,0)                    
----------- ---------- -------------------------------------                    
        144       2500                                     0                    
        145      14000                                    .4                    
        146      13500                                    .3                    
        147      12000                                    .3                    
        148      11000                                    .3                    
        149      10500                                    .2                    
        150      10000                                    .3                    
        151       9500                                   .25                    
        152       9000                                   .25                    
        153       8000                                    .2                    
        154       7500                                    .2                    

EMPLOYEE_ID     SALARY NVL2(COMMISSION_PCT,COMMISSION_PCT,0)                    
----------- ---------- -------------------------------------                    
        155       7000                                   .15                    
        156      10000                                   .35                    
        157       9500                                   .35                    
        158       9000                                   .35                    
        159       8000                                    .3                    
        160       7500                                    .3                    
        161       7000                                   .25                    
        162      10500                                   .25                    
        163       9500                                   .15                    
        164       7200                                    .1                    
        165       6800                                    .1                    

EMPLOYEE_ID     SALARY NVL2(COMMISSION_PCT,COMMISSION_PCT,0)                    
----------- ---------- -------------------------------------                    
        166       6400                                    .1                    
        167       6200                                    .1                    
        168      11500                                   .25                    
        169      10000                                    .2                    
        170       9600                                    .2                    
        171       7400                                   .15                    
        172       7300                                   .15                    
        173       6100                                    .1                    
        174      11000                                    .3                    
        175       8800                                   .25                    
        176       8600                                    .2                    

EMPLOYEE_ID     SALARY NVL2(COMMISSION_PCT,COMMISSION_PCT,0)                    
----------- ---------- -------------------------------------                    
        177       8400                                    .2                    
        178       7000                                   .15                    
        179       6200                                    .1                    
        180       3200                                     0                    
        181       3100                                     0                    
        182       2500                                     0                    
        183       2800                                     0                    
        184       4200                                     0                    
        185       4100                                     0                    
        186       3400                                     0                    
        187       3000                                     0                    

EMPLOYEE_ID     SALARY NVL2(COMMISSION_PCT,COMMISSION_PCT,0)                    
----------- ---------- -------------------------------------                    
        188       3800                                     0                    
        189       3600                                     0                    
        190       2900                                     0                    
        191       2500                                     0                    
        192       4000                                     0                    
        193       3900                                     0                    
        194       3200                                     0                    
        195       2800                                     0                    
        196       3100                                     0                    
        197       3000                                     0                    
        198       2600                                     0                    

EMPLOYEE_ID     SALARY NVL2(COMMISSION_PCT,COMMISSION_PCT,0)                    
----------- ---------- -------------------------------------                    
        199       2600                                     0                    
        200       4400                                     0                    
        201      13000                                     0                    
        202       6000                                     0                    
        203       6500                                     0                    
        204      10000                                     0                    
        205      12008                                     0                    
        206       8300                                     0                    

107 rows selected.

SQL> select employee_id , salary, nvl2(commission_pct,commission_pct,NA)
  2  from employees;
select employee_id , salary, nvl2(commission_pct,commission_pct,NA)
                                                                *
ERROR at line 1:
ORA-00904: "NA": invalid identifier 


SQL> select employee_id , salary, nvl2(commission_pct,to_char(commission_pct),'NA')
  2  from employees;

EMPLOYEE_ID     SALARY NVL2(COMMISSION_PCT,TO_CHAR(COMMISSION_P                 
----------- ---------- ----------------------------------------                 
        100      24000 NA                                                       
        101      17000 NA                                                       
        102      17000 NA                                                       
        103       9000 NA                                                       
        104       6000 NA                                                       
        105       4800 NA                                                       
        106       4800 NA                                                       
        107       4200 NA                                                       
        108      12008 NA                                                       
        109       9000 NA                                                       
        110       8200 NA                                                       

EMPLOYEE_ID     SALARY NVL2(COMMISSION_PCT,TO_CHAR(COMMISSION_P                 
----------- ---------- ----------------------------------------                 
        111       7700 NA                                                       
        112       7800 NA                                                       
        113       6900 NA                                                       
        114      11000 NA                                                       
        115       3100 NA                                                       
        116       2900 NA                                                       
        117       2800 NA                                                       
        118       2600 NA                                                       
        119       2500 NA                                                       
        120       8000 NA                                                       
        121       8200 NA                                                       

EMPLOYEE_ID     SALARY NVL2(COMMISSION_PCT,TO_CHAR(COMMISSION_P                 
----------- ---------- ----------------------------------------                 
        122       7900 NA                                                       
        123       6500 NA                                                       
        124       5800 NA                                                       
        125       3200 NA                                                       
        126       2700 NA                                                       
        127       2400 NA                                                       
        128       2200 NA                                                       
        129       3300 NA                                                       
        130       2800 NA                                                       
        131       2500 NA                                                       
        132       2100 NA                                                       

EMPLOYEE_ID     SALARY NVL2(COMMISSION_PCT,TO_CHAR(COMMISSION_P                 
----------- ---------- ----------------------------------------                 
        133       3300 NA                                                       
        134       2900 NA                                                       
        135       2400 NA                                                       
        136       2200 NA                                                       
        137       3600 NA                                                       
        138       3200 NA                                                       
        139       2700 NA                                                       
        140       2500 NA                                                       
        141       3500 NA                                                       
        142       3100 NA                                                       
        143       2600 NA                                                       

EMPLOYEE_ID     SALARY NVL2(COMMISSION_PCT,TO_CHAR(COMMISSION_P                 
----------- ---------- ----------------------------------------                 
        144       2500 NA                                                       
        145      14000 .4                                                       
        146      13500 .3                                                       
        147      12000 .3                                                       
        148      11000 .3                                                       
        149      10500 .2                                                       
        150      10000 .3                                                       
        151       9500 .25                                                      
        152       9000 .25                                                      
        153       8000 .2                                                       
        154       7500 .2                                                       

EMPLOYEE_ID     SALARY NVL2(COMMISSION_PCT,TO_CHAR(COMMISSION_P                 
----------- ---------- ----------------------------------------                 
        155       7000 .15                                                      
        156      10000 .35                                                      
        157       9500 .35                                                      
        158       9000 .35                                                      
        159       8000 .3                                                       
        160       7500 .3                                                       
        161       7000 .25                                                      
        162      10500 .25                                                      
        163       9500 .15                                                      
        164       7200 .1                                                       
        165       6800 .1                                                       

EMPLOYEE_ID     SALARY NVL2(COMMISSION_PCT,TO_CHAR(COMMISSION_P                 
----------- ---------- ----------------------------------------                 
        166       6400 .1                                                       
        167       6200 .1                                                       
        168      11500 .25                                                      
        169      10000 .2                                                       
        170       9600 .2                                                       
        171       7400 .15                                                      
        172       7300 .15                                                      
        173       6100 .1                                                       
        174      11000 .3                                                       
        175       8800 .25                                                      
        176       8600 .2                                                       

EMPLOYEE_ID     SALARY NVL2(COMMISSION_PCT,TO_CHAR(COMMISSION_P                 
----------- ---------- ----------------------------------------                 
        177       8400 .2                                                       
        178       7000 .15                                                      
        179       6200 .1                                                       
        180       3200 NA                                                       
        181       3100 NA                                                       
        182       2500 NA                                                       
        183       2800 NA                                                       
        184       4200 NA                                                       
        185       4100 NA                                                       
        186       3400 NA                                                       
        187       3000 NA                                                       

EMPLOYEE_ID     SALARY NVL2(COMMISSION_PCT,TO_CHAR(COMMISSION_P                 
----------- ---------- ----------------------------------------                 
        188       3800 NA                                                       
        189       3600 NA                                                       
        190       2900 NA                                                       
        191       2500 NA                                                       
        192       4000 NA                                                       
        193       3900 NA                                                       
        194       3200 NA                                                       
        195       2800 NA                                                       
        196       3100 NA                                                       
        197       3000 NA                                                       
        198       2600 NA                                                       

EMPLOYEE_ID     SALARY NVL2(COMMISSION_PCT,TO_CHAR(COMMISSION_P                 
----------- ---------- ----------------------------------------                 
        199       2600 NA                                                       
        200       4400 NA                                                       
        201      13000 NA                                                       
        202       6000 NA                                                       
        203       6500 NA                                                       
        204      10000 NA                                                       
        205      12008 NA                                                       
        206       8300 NA                                                       

107 rows selected.

SQL> select employee_id, salary "old" , salary+(salary*1.2) "new"
  2  from employees;

EMPLOYEE_ID        old        new                                               
----------- ---------- ----------                                               
        100      24000      52800                                               
        101      17000      37400                                               
        102      17000      37400                                               
        103       9000      19800                                               
        104       6000      13200                                               
        105       4800      10560                                               
        106       4800      10560                                               
        107       4200       9240                                               
        108      12008    26417.6                                               
        109       9000      19800                                               
        110       8200      18040                                               

EMPLOYEE_ID        old        new                                               
----------- ---------- ----------                                               
        111       7700      16940                                               
        112       7800      17160                                               
        113       6900      15180                                               
        114      11000      24200                                               
        115       3100       6820                                               
        116       2900       6380                                               
        117       2800       6160                                               
        118       2600       5720                                               
        119       2500       5500                                               
        120       8000      17600                                               
        121       8200      18040                                               

EMPLOYEE_ID        old        new                                               
----------- ---------- ----------                                               
        122       7900      17380                                               
        123       6500      14300                                               
        124       5800      12760                                               
        125       3200       7040                                               
        126       2700       5940                                               
        127       2400       5280                                               
        128       2200       4840                                               
        129       3300       7260                                               
        130       2800       6160                                               
        131       2500       5500                                               
        132       2100       4620                                               

EMPLOYEE_ID        old        new                                               
----------- ---------- ----------                                               
        133       3300       7260                                               
        134       2900       6380                                               
        135       2400       5280                                               
        136       2200       4840                                               
        137       3600       7920                                               
        138       3200       7040                                               
        139       2700       5940                                               
        140       2500       5500                                               
        141       3500       7700                                               
        142       3100       6820                                               
        143       2600       5720                                               

EMPLOYEE_ID        old        new                                               
----------- ---------- ----------                                               
        144       2500       5500                                               
        145      14000      30800                                               
        146      13500      29700                                               
        147      12000      26400                                               
        148      11000      24200                                               
        149      10500      23100                                               
        150      10000      22000                                               
        151       9500      20900                                               
        152       9000      19800                                               
        153       8000      17600                                               
        154       7500      16500                                               

EMPLOYEE_ID        old        new                                               
----------- ---------- ----------                                               
        155       7000      15400                                               
        156      10000      22000                                               
        157       9500      20900                                               
        158       9000      19800                                               
        159       8000      17600                                               
        160       7500      16500                                               
        161       7000      15400                                               
        162      10500      23100                                               
        163       9500      20900                                               
        164       7200      15840                                               
        165       6800      14960                                               

EMPLOYEE_ID        old        new                                               
----------- ---------- ----------                                               
        166       6400      14080                                               
        167       6200      13640                                               
        168      11500      25300                                               
        169      10000      22000                                               
        170       9600      21120                                               
        171       7400      16280                                               
        172       7300      16060                                               
        173       6100      13420                                               
        174      11000      24200                                               
        175       8800      19360                                               
        176       8600      18920                                               

EMPLOYEE_ID        old        new                                               
----------- ---------- ----------                                               
        177       8400      18480                                               
        178       7000      15400                                               
        179       6200      13640                                               
        180       3200       7040                                               
        181       3100       6820                                               
        182       2500       5500                                               
        183       2800       6160                                               
        184       4200       9240                                               
        185       4100       9020                                               
        186       3400       7480                                               
        187       3000       6600                                               

EMPLOYEE_ID        old        new                                               
----------- ---------- ----------                                               
        188       3800       8360                                               
        189       3600       7920                                               
        190       2900       6380                                               
        191       2500       5500                                               
        192       4000       8800                                               
        193       3900       8580                                               
        194       3200       7040                                               
        195       2800       6160                                               
        196       3100       6820                                               
        197       3000       6600                                               
        198       2600       5720                                               

EMPLOYEE_ID        old        new                                               
----------- ---------- ----------                                               
        199       2600       5720                                               
        200       4400       9680                                               
        201      13000      28600                                               
        202       6000      13200                                               
        203       6500      14300                                               
        204      10000      22000                                               
        205      12008    26417.6                                               
        206       8300      18260                                               

107 rows selected.

SQL> select distinct job_id from employees;

JOB_ID                                                                          
----------                                                                      
AC_ACCOUNT                                                                      
AC_MGR                                                                          
AD_ASST                                                                         
AD_PRES                                                                         
AD_VP                                                                           
FI_ACCOUNT                                                                      
FI_MGR                                                                          
HR_REP                                                                          
IT_PROG                                                                         
MK_MAN                                                                          
MK_REP                                                                          

JOB_ID                                                                          
----------                                                                      
PR_REP                                                                          
PU_CLERK                                                                        
PU_MAN                                                                          
SA_MAN                                                                          
SA_REP                                                                          
SH_CLERK                                                                        
ST_CLERK                                                                        
ST_MAN                                                                          

19 rows selected.

SQL> select employee_id , job_id , salary "old",
  2  decode(job_id,'SA_REP',salary*1.3, 'IT_PROG', salary*1.2, 'SA_MAN', salary*1.1,salary)
  3  from employees;

EMPLOYEE_ID JOB_ID            old                                               
----------- ---------- ----------                                               
DECODE(JOB_ID,'SA_REP',SALARY*1.3,'IT_PROG',SALARY*1.2,'SA_MAN',SALARY*1.1,SALAR
--------------------------------------------------------------------------------
        100 AD_PRES         24000                                               
                                                                           24000
                                                                                
        101 AD_VP           17000                                               
                                                                           17000
                                                                                
        102 AD_VP           17000                                               
                                                                           17000
                                                                                

EMPLOYEE_ID JOB_ID            old                                               
----------- ---------- ----------                                               
DECODE(JOB_ID,'SA_REP',SALARY*1.3,'IT_PROG',SALARY*1.2,'SA_MAN',SALARY*1.1,SALAR
--------------------------------------------------------------------------------
        103 IT_PROG          9000                                               
                                                                           10800
                                                                                
        104 IT_PROG          6000                                               
                                                                            7200
                                                                                
        105 IT_PROG          4800                                               
                                                                            5760
                                                                                

EMPLOYEE_ID JOB_ID            old                                               
----------- ---------- ----------                                               
DECODE(JOB_ID,'SA_REP',SALARY*1.3,'IT_PROG',SALARY*1.2,'SA_MAN',SALARY*1.1,SALAR
--------------------------------------------------------------------------------
        106 IT_PROG          4800                                               
                                                                            5760
                                                                                
        107 IT_PROG          4200                                               
                                                                            5040
                                                                                
        108 FI_MGR          12008                                               
                                                                           12008
                                                                                

EMPLOYEE_ID JOB_ID            old                                               
----------- ---------- ----------                                               
DECODE(JOB_ID,'SA_REP',SALARY*1.3,'IT_PROG',SALARY*1.2,'SA_MAN',SALARY*1.1,SALAR
--------------------------------------------------------------------------------
        109 FI_ACCOUNT       9000                                               
                                                                            9000
                                                                                
        110 FI_ACCOUNT       8200                                               
                                                                            8200
                                                                                
        111 FI_ACCOUNT       7700                                               
                                                                            7700
                                                                                

EMPLOYEE_ID JOB_ID            old                                               
----------- ---------- ----------                                               
DECODE(JOB_ID,'SA_REP',SALARY*1.3,'IT_PROG',SALARY*1.2,'SA_MAN',SALARY*1.1,SALAR
--------------------------------------------------------------------------------
        112 FI_ACCOUNT       7800                                               
                                                                            7800
                                                                                
        113 FI_ACCOUNT       6900                                               
                                                                            6900
                                                                                
        114 PU_MAN          11000                                               
                                                                           11000
                                                                                

EMPLOYEE_ID JOB_ID            old                                               
----------- ---------- ----------                                               
DECODE(JOB_ID,'SA_REP',SALARY*1.3,'IT_PROG',SALARY*1.2,'SA_MAN',SALARY*1.1,SALAR
--------------------------------------------------------------------------------
        115 PU_CLERK         3100                                               
                                                                            3100
                                                                                
        116 PU_CLERK         2900                                               
                                                                            2900
                                                                                
        117 PU_CLERK         2800                                               
                                                                            2800
                                                                                

EMPLOYEE_ID JOB_ID            old                                               
----------- ---------- ----------                                               
DECODE(JOB_ID,'SA_REP',SALARY*1.3,'IT_PROG',SALARY*1.2,'SA_MAN',SALARY*1.1,SALAR
--------------------------------------------------------------------------------
        118 PU_CLERK         2600                                               
                                                                            2600
                                                                                
        119 PU_CLERK         2500                                               
                                                                            2500
                                                                                
        120 ST_MAN           8000                                               
                                                                            8000
                                                                                

EMPLOYEE_ID JOB_ID            old                                               
----------- ---------- ----------                                               
DECODE(JOB_ID,'SA_REP',SALARY*1.3,'IT_PROG',SALARY*1.2,'SA_MAN',SALARY*1.1,SALAR
--------------------------------------------------------------------------------
        121 ST_MAN           8200                                               
                                                                            8200
                                                                                
        122 ST_MAN           7900                                               
                                                                            7900
                                                                                
        123 ST_MAN           6500                                               
                                                                            6500
                                                                                

EMPLOYEE_ID JOB_ID            old                                               
----------- ---------- ----------                                               
DECODE(JOB_ID,'SA_REP',SALARY*1.3,'IT_PROG',SALARY*1.2,'SA_MAN',SALARY*1.1,SALAR
--------------------------------------------------------------------------------
        124 ST_MAN           5800                                               
                                                                            5800
                                                                                
        125 ST_CLERK         3200                                               
                                                                            3200
                                                                                
        126 ST_CLERK         2700                                               
                                                                            2700
                                                                                

EMPLOYEE_ID JOB_ID            old                                               
----------- ---------- ----------                                               
DECODE(JOB_ID,'SA_REP',SALARY*1.3,'IT_PROG',SALARY*1.2,'SA_MAN',SALARY*1.1,SALAR
--------------------------------------------------------------------------------
        127 ST_CLERK         2400                                               
                                                                            2400
                                                                                
        128 ST_CLERK         2200                                               
                                                                            2200
                                                                                
        129 ST_CLERK         3300                                               
                                                                            3300
                                                                                

EMPLOYEE_ID JOB_ID            old                                               
----------- ---------- ----------                                               
DECODE(JOB_ID,'SA_REP',SALARY*1.3,'IT_PROG',SALARY*1.2,'SA_MAN',SALARY*1.1,SALAR
--------------------------------------------------------------------------------
        130 ST_CLERK         2800                                               
                                                                            2800
                                                                                
        131 ST_CLERK         2500                                               
                                                                            2500
                                                                                
        132 ST_CLERK         2100                                               
                                                                            2100
                                                                                

EMPLOYEE_ID JOB_ID            old                                               
----------- ---------- ----------                                               
DECODE(JOB_ID,'SA_REP',SALARY*1.3,'IT_PROG',SALARY*1.2,'SA_MAN',SALARY*1.1,SALAR
--------------------------------------------------------------------------------
        133 ST_CLERK         3300                                               
                                                                            3300
                                                                                
        134 ST_CLERK         2900                                               
                                                                            2900
                                                                                
        135 ST_CLERK         2400                                               
                                                                            2400
                                                                                

EMPLOYEE_ID JOB_ID            old                                               
----------- ---------- ----------                                               
DECODE(JOB_ID,'SA_REP',SALARY*1.3,'IT_PROG',SALARY*1.2,'SA_MAN',SALARY*1.1,SALAR
--------------------------------------------------------------------------------
        136 ST_CLERK         2200                                               
                                                                            2200
                                                                                
        137 ST_CLERK         3600                                               
                                                                            3600
                                                                                
        138 ST_CLERK         3200                                               
                                                                            3200
                                                                                

EMPLOYEE_ID JOB_ID            old                                               
----------- ---------- ----------                                               
DECODE(JOB_ID,'SA_REP',SALARY*1.3,'IT_PROG',SALARY*1.2,'SA_MAN',SALARY*1.1,SALAR
--------------------------------------------------------------------------------
        139 ST_CLERK         2700                                               
                                                                            2700
                                                                                
        140 ST_CLERK         2500                                               
                                                                            2500
                                                                                
        141 ST_CLERK         3500                                               
                                                                            3500
                                                                                

EMPLOYEE_ID JOB_ID            old                                               
----------- ---------- ----------                                               
DECODE(JOB_ID,'SA_REP',SALARY*1.3,'IT_PROG',SALARY*1.2,'SA_MAN',SALARY*1.1,SALAR
--------------------------------------------------------------------------------
        142 ST_CLERK         3100                                               
                                                                            3100
                                                                                
        143 ST_CLERK         2600                                               
                                                                            2600
                                                                                
        144 ST_CLERK         2500                                               
                                                                            2500
                                                                                

EMPLOYEE_ID JOB_ID            old                                               
----------- ---------- ----------                                               
DECODE(JOB_ID,'SA_REP',SALARY*1.3,'IT_PROG',SALARY*1.2,'SA_MAN',SALARY*1.1,SALAR
--------------------------------------------------------------------------------
        145 SA_MAN          14000                                               
                                                                           15400
                                                                                
        146 SA_MAN          13500                                               
                                                                           14850
                                                                                
        147 SA_MAN          12000                                               
                                                                           13200
                                                                                

EMPLOYEE_ID JOB_ID            old                                               
----------- ---------- ----------                                               
DECODE(JOB_ID,'SA_REP',SALARY*1.3,'IT_PROG',SALARY*1.2,'SA_MAN',SALARY*1.1,SALAR
--------------------------------------------------------------------------------
        148 SA_MAN          11000                                               
                                                                           12100
                                                                                
        149 SA_MAN          10500                                               
                                                                           11550
                                                                                
        150 SA_REP          10000                                               
                                                                           13000
                                                                                

EMPLOYEE_ID JOB_ID            old                                               
----------- ---------- ----------                                               
DECODE(JOB_ID,'SA_REP',SALARY*1.3,'IT_PROG',SALARY*1.2,'SA_MAN',SALARY*1.1,SALAR
--------------------------------------------------------------------------------
        151 SA_REP           9500                                               
                                                                           12350
                                                                                
        152 SA_REP           9000                                               
                                                                           11700
                                                                                
        153 SA_REP           8000                                               
                                                                           10400
                                                                                

EMPLOYEE_ID JOB_ID            old                                               
----------- ---------- ----------                                               
DECODE(JOB_ID,'SA_REP',SALARY*1.3,'IT_PROG',SALARY*1.2,'SA_MAN',SALARY*1.1,SALAR
--------------------------------------------------------------------------------
        154 SA_REP           7500                                               
                                                                            9750
                                                                                
        155 SA_REP           7000                                               
                                                                            9100
                                                                                
        156 SA_REP          10000                                               
                                                                           13000
                                                                                

EMPLOYEE_ID JOB_ID            old                                               
----------- ---------- ----------                                               
DECODE(JOB_ID,'SA_REP',SALARY*1.3,'IT_PROG',SALARY*1.2,'SA_MAN',SALARY*1.1,SALAR
--------------------------------------------------------------------------------
        157 SA_REP           9500                                               
                                                                           12350
                                                                                
        158 SA_REP           9000                                               
                                                                           11700
                                                                                
        159 SA_REP           8000                                               
                                                                           10400
                                                                                

EMPLOYEE_ID JOB_ID            old                                               
----------- ---------- ----------                                               
DECODE(JOB_ID,'SA_REP',SALARY*1.3,'IT_PROG',SALARY*1.2,'SA_MAN',SALARY*1.1,SALAR
--------------------------------------------------------------------------------
        160 SA_REP           7500                                               
                                                                            9750
                                                                                
        161 SA_REP           7000                                               
                                                                            9100
                                                                                
        162 SA_REP          10500                                               
                                                                           13650
                                                                                

EMPLOYEE_ID JOB_ID            old                                               
----------- ---------- ----------                                               
DECODE(JOB_ID,'SA_REP',SALARY*1.3,'IT_PROG',SALARY*1.2,'SA_MAN',SALARY*1.1,SALAR
--------------------------------------------------------------------------------
        163 SA_REP           9500                                               
                                                                           12350
                                                                                
        164 SA_REP           7200                                               
                                                                            9360
                                                                                
        165 SA_REP           6800                                               
                                                                            8840
                                                                                

EMPLOYEE_ID JOB_ID            old                                               
----------- ---------- ----------                                               
DECODE(JOB_ID,'SA_REP',SALARY*1.3,'IT_PROG',SALARY*1.2,'SA_MAN',SALARY*1.1,SALAR
--------------------------------------------------------------------------------
        166 SA_REP           6400                                               
                                                                            8320
                                                                                
        167 SA_REP           6200                                               
                                                                            8060
                                                                                
        168 SA_REP          11500                                               
                                                                           14950
                                                                                

EMPLOYEE_ID JOB_ID            old                                               
----------- ---------- ----------                                               
DECODE(JOB_ID,'SA_REP',SALARY*1.3,'IT_PROG',SALARY*1.2,'SA_MAN',SALARY*1.1,SALAR
--------------------------------------------------------------------------------
        169 SA_REP          10000                                               
                                                                           13000
                                                                                
        170 SA_REP           9600                                               
                                                                           12480
                                                                                
        171 SA_REP           7400                                               
                                                                            9620
                                                                                

EMPLOYEE_ID JOB_ID            old                                               
----------- ---------- ----------                                               
DECODE(JOB_ID,'SA_REP',SALARY*1.3,'IT_PROG',SALARY*1.2,'SA_MAN',SALARY*1.1,SALAR
--------------------------------------------------------------------------------
        172 SA_REP           7300                                               
                                                                            9490
                                                                                
        173 SA_REP           6100                                               
                                                                            7930
                                                                                
        174 SA_REP          11000                                               
                                                                           14300
                                                                                

EMPLOYEE_ID JOB_ID            old                                               
----------- ---------- ----------                                               
DECODE(JOB_ID,'SA_REP',SALARY*1.3,'IT_PROG',SALARY*1.2,'SA_MAN',SALARY*1.1,SALAR
--------------------------------------------------------------------------------
        175 SA_REP           8800                                               
                                                                           11440
                                                                                
        176 SA_REP           8600                                               
                                                                           11180
                                                                                
        177 SA_REP           8400                                               
                                                                           10920
                                                                                

EMPLOYEE_ID JOB_ID            old                                               
----------- ---------- ----------                                               
DECODE(JOB_ID,'SA_REP',SALARY*1.3,'IT_PROG',SALARY*1.2,'SA_MAN',SALARY*1.1,SALAR
--------------------------------------------------------------------------------
        178 SA_REP           7000                                               
                                                                            9100
                                                                                
        179 SA_REP           6200                                               
                                                                            8060
                                                                                
        180 SH_CLERK         3200                                               
                                                                            3200
                                                                                

EMPLOYEE_ID JOB_ID            old                                               
----------- ---------- ----------                                               
DECODE(JOB_ID,'SA_REP',SALARY*1.3,'IT_PROG',SALARY*1.2,'SA_MAN',SALARY*1.1,SALAR
--------------------------------------------------------------------------------
        181 SH_CLERK         3100                                               
                                                                            3100
                                                                                
        182 SH_CLERK         2500                                               
                                                                            2500
                                                                                
        183 SH_CLERK         2800                                               
                                                                            2800
                                                                                

EMPLOYEE_ID JOB_ID            old                                               
----------- ---------- ----------                                               
DECODE(JOB_ID,'SA_REP',SALARY*1.3,'IT_PROG',SALARY*1.2,'SA_MAN',SALARY*1.1,SALAR
--------------------------------------------------------------------------------
        184 SH_CLERK         4200                                               
                                                                            4200
                                                                                
        185 SH_CLERK         4100                                               
                                                                            4100
                                                                                
        186 SH_CLERK         3400                                               
                                                                            3400
                                                                                

EMPLOYEE_ID JOB_ID            old                                               
----------- ---------- ----------                                               
DECODE(JOB_ID,'SA_REP',SALARY*1.3,'IT_PROG',SALARY*1.2,'SA_MAN',SALARY*1.1,SALAR
--------------------------------------------------------------------------------
        187 SH_CLERK         3000                                               
                                                                            3000
                                                                                
        188 SH_CLERK         3800                                               
                                                                            3800
                                                                                
        189 SH_CLERK         3600                                               
                                                                            3600
                                                                                

EMPLOYEE_ID JOB_ID            old                                               
----------- ---------- ----------                                               
DECODE(JOB_ID,'SA_REP',SALARY*1.3,'IT_PROG',SALARY*1.2,'SA_MAN',SALARY*1.1,SALAR
--------------------------------------------------------------------------------
        190 SH_CLERK         2900                                               
                                                                            2900
                                                                                
        191 SH_CLERK         2500                                               
                                                                            2500
                                                                                
        192 SH_CLERK         4000                                               
                                                                            4000
                                                                                

EMPLOYEE_ID JOB_ID            old                                               
----------- ---------- ----------                                               
DECODE(JOB_ID,'SA_REP',SALARY*1.3,'IT_PROG',SALARY*1.2,'SA_MAN',SALARY*1.1,SALAR
--------------------------------------------------------------------------------
        193 SH_CLERK         3900                                               
                                                                            3900
                                                                                
        194 SH_CLERK         3200                                               
                                                                            3200
                                                                                
        195 SH_CLERK         2800                                               
                                                                            2800
                                                                                

EMPLOYEE_ID JOB_ID            old                                               
----------- ---------- ----------                                               
DECODE(JOB_ID,'SA_REP',SALARY*1.3,'IT_PROG',SALARY*1.2,'SA_MAN',SALARY*1.1,SALAR
--------------------------------------------------------------------------------
        196 SH_CLERK         3100                                               
                                                                            3100
                                                                                
        197 SH_CLERK         3000                                               
                                                                            3000
                                                                                
        198 SH_CLERK         2600                                               
                                                                            2600
                                                                                

EMPLOYEE_ID JOB_ID            old                                               
----------- ---------- ----------                                               
DECODE(JOB_ID,'SA_REP',SALARY*1.3,'IT_PROG',SALARY*1.2,'SA_MAN',SALARY*1.1,SALAR
--------------------------------------------------------------------------------
        199 SH_CLERK         2600                                               
                                                                            2600
                                                                                
        200 AD_ASST          4400                                               
                                                                            4400
                                                                                
        201 MK_MAN          13000                                               
                                                                           13000
                                                                                

EMPLOYEE_ID JOB_ID            old                                               
----------- ---------- ----------                                               
DECODE(JOB_ID,'SA_REP',SALARY*1.3,'IT_PROG',SALARY*1.2,'SA_MAN',SALARY*1.1,SALAR
--------------------------------------------------------------------------------
        202 MK_REP           6000                                               
                                                                            6000
                                                                                
        203 HR_REP           6500                                               
                                                                            6500
                                                                                
        204 PR_REP          10000                                               
                                                                           10000
                                                                                

EMPLOYEE_ID JOB_ID            old                                               
----------- ---------- ----------                                               
DECODE(JOB_ID,'SA_REP',SALARY*1.3,'IT_PROG',SALARY*1.2,'SA_MAN',SALARY*1.1,SALAR
--------------------------------------------------------------------------------
        205 AC_MGR          12008                                               
                                                                           12008
                                                                                
        206 AC_ACCOUNT       8300                                               
                                                                            8300
                                                                                

107 rows selected.

SQL> 
SQL> select employee_id , job_id , salary "old",
  2  decode(job_id,'SA_REP',salary*1.3, 'IT_PROG', salary*1.2, 'SA_MAN', salary*1.1,salary) "new"
  3  from employees;

EMPLOYEE_ID JOB_ID            old        new                                    
----------- ---------- ---------- ----------                                    
        100 AD_PRES         24000      24000                                    
        101 AD_VP           17000      17000                                    
        102 AD_VP           17000      17000                                    
        103 IT_PROG          9000      10800                                    
        104 IT_PROG          6000       7200                                    
        105 IT_PROG          4800       5760                                    
        106 IT_PROG          4800       5760                                    
        107 IT_PROG          4200       5040                                    
        108 FI_MGR          12008      12008                                    
        109 FI_ACCOUNT       9000       9000                                    
        110 FI_ACCOUNT       8200       8200                                    

EMPLOYEE_ID JOB_ID            old        new                                    
----------- ---------- ---------- ----------                                    
        111 FI_ACCOUNT       7700       7700                                    
        112 FI_ACCOUNT       7800       7800                                    
        113 FI_ACCOUNT       6900       6900                                    
        114 PU_MAN          11000      11000                                    
        115 PU_CLERK         3100       3100                                    
        116 PU_CLERK         2900       2900                                    
        117 PU_CLERK         2800       2800                                    
        118 PU_CLERK         2600       2600                                    
        119 PU_CLERK         2500       2500                                    
        120 ST_MAN           8000       8000                                    
        121 ST_MAN           8200       8200                                    

EMPLOYEE_ID JOB_ID            old        new                                    
----------- ---------- ---------- ----------                                    
        122 ST_MAN           7900       7900                                    
        123 ST_MAN           6500       6500                                    
        124 ST_MAN           5800       5800                                    
        125 ST_CLERK         3200       3200                                    
        126 ST_CLERK         2700       2700                                    
        127 ST_CLERK         2400       2400                                    
        128 ST_CLERK         2200       2200                                    
        129 ST_CLERK         3300       3300                                    
        130 ST_CLERK         2800       2800                                    
        131 ST_CLERK         2500       2500                                    
        132 ST_CLERK         2100       2100                                    

EMPLOYEE_ID JOB_ID            old        new                                    
----------- ---------- ---------- ----------                                    
        133 ST_CLERK         3300       3300                                    
        134 ST_CLERK         2900       2900                                    
        135 ST_CLERK         2400       2400                                    
        136 ST_CLERK         2200       2200                                    
        137 ST_CLERK         3600       3600                                    
        138 ST_CLERK         3200       3200                                    
        139 ST_CLERK         2700       2700                                    
        140 ST_CLERK         2500       2500                                    
        141 ST_CLERK         3500       3500                                    
        142 ST_CLERK         3100       3100                                    
        143 ST_CLERK         2600       2600                                    

EMPLOYEE_ID JOB_ID            old        new                                    
----------- ---------- ---------- ----------                                    
        144 ST_CLERK         2500       2500                                    
        145 SA_MAN          14000      15400                                    
        146 SA_MAN          13500      14850                                    
        147 SA_MAN          12000      13200                                    
        148 SA_MAN          11000      12100                                    
        149 SA_MAN          10500      11550                                    
        150 SA_REP          10000      13000                                    
        151 SA_REP           9500      12350                                    
        152 SA_REP           9000      11700                                    
        153 SA_REP           8000      10400                                    
        154 SA_REP           7500       9750                                    

EMPLOYEE_ID JOB_ID            old        new                                    
----------- ---------- ---------- ----------                                    
        155 SA_REP           7000       9100                                    
        156 SA_REP          10000      13000                                    
        157 SA_REP           9500      12350                                    
        158 SA_REP           9000      11700                                    
        159 SA_REP           8000      10400                                    
        160 SA_REP           7500       9750                                    
        161 SA_REP           7000       9100                                    
        162 SA_REP          10500      13650                                    
        163 SA_REP           9500      12350                                    
        164 SA_REP           7200       9360                                    
        165 SA_REP           6800       8840                                    

EMPLOYEE_ID JOB_ID            old        new                                    
----------- ---------- ---------- ----------                                    
        166 SA_REP           6400       8320                                    
        167 SA_REP           6200       8060                                    
        168 SA_REP          11500      14950                                    
        169 SA_REP          10000      13000                                    
        170 SA_REP           9600      12480                                    
        171 SA_REP           7400       9620                                    
        172 SA_REP           7300       9490                                    
        173 SA_REP           6100       7930                                    
        174 SA_REP          11000      14300                                    
        175 SA_REP           8800      11440                                    
        176 SA_REP           8600      11180                                    

EMPLOYEE_ID JOB_ID            old        new                                    
----------- ---------- ---------- ----------                                    
        177 SA_REP           8400      10920                                    
        178 SA_REP           7000       9100                                    
        179 SA_REP           6200       8060                                    
        180 SH_CLERK         3200       3200                                    
        181 SH_CLERK         3100       3100                                    
        182 SH_CLERK         2500       2500                                    
        183 SH_CLERK         2800       2800                                    
        184 SH_CLERK         4200       4200                                    
        185 SH_CLERK         4100       4100                                    
        186 SH_CLERK         3400       3400                                    
        187 SH_CLERK         3000       3000                                    

EMPLOYEE_ID JOB_ID            old        new                                    
----------- ---------- ---------- ----------                                    
        188 SH_CLERK         3800       3800                                    
        189 SH_CLERK         3600       3600                                    
        190 SH_CLERK         2900       2900                                    
        191 SH_CLERK         2500       2500                                    
        192 SH_CLERK         4000       4000                                    
        193 SH_CLERK         3900       3900                                    
        194 SH_CLERK         3200       3200                                    
        195 SH_CLERK         2800       2800                                    
        196 SH_CLERK         3100       3100                                    
        197 SH_CLERK         3000       3000                                    
        198 SH_CLERK         2600       2600                                    

EMPLOYEE_ID JOB_ID            old        new                                    
----------- ---------- ---------- ----------                                    
        199 SH_CLERK         2600       2600                                    
        200 AD_ASST          4400       4400                                    
        201 MK_MAN          13000      13000                                    
        202 MK_REP           6000       6000                                    
        203 HR_REP           6500       6500                                    
        204 PR_REP          10000      10000                                    
        205 AC_MGR          12008      12008                                    
        206 AC_ACCOUNT       8300       8300                                    

107 rows selected.

SQL> 
SQL> select employee_id , job_id , salary "old",
  2  case when job_id='SA_REP' then salary*1.3 'IT_PROG', salary*1.2, 'SA_MAN', salary*1.1,salary)
  3  from employees;
case when job_id='SA_REP' then salary*1.3 'IT_PROG', salary*1.2, 'SA_MAN', salary*1.1,salary)
                                          *
ERROR at line 2:
ORA-00905: missing keyword 


SQL> select employee_id , job_id , salary "old",
  2  case when job_id='SA_REP' then salary*1.3  when job_id='IT_PROG'then salary*1.2 when job_id='SA_MAN'then salary*1.1 else salary
  3  end
  4  from employees;

EMPLOYEE_ID JOB_ID            old                                               
----------- ---------- ----------                                               
CASEWHENJOB_ID='SA_REP'THENSALARY*1.3WHENJOB_ID='IT_PROG'THENSALARY*1.2WHENJOB_I
--------------------------------------------------------------------------------
        100 AD_PRES         24000                                               
                                                                           24000
                                                                                
        101 AD_VP           17000                                               
                                                                           17000
                                                                                
        102 AD_VP           17000                                               
                                                                           17000
                                                                                

EMPLOYEE_ID JOB_ID            old                                               
----------- ---------- ----------                                               
CASEWHENJOB_ID='SA_REP'THENSALARY*1.3WHENJOB_ID='IT_PROG'THENSALARY*1.2WHENJOB_I
--------------------------------------------------------------------------------
        103 IT_PROG          9000                                               
                                                                           10800
                                                                                
        104 IT_PROG          6000                                               
                                                                            7200
                                                                                
        105 IT_PROG          4800                                               
                                                                            5760
                                                                                

EMPLOYEE_ID JOB_ID            old                                               
----------- ---------- ----------                                               
CASEWHENJOB_ID='SA_REP'THENSALARY*1.3WHENJOB_ID='IT_PROG'THENSALARY*1.2WHENJOB_I
--------------------------------------------------------------------------------
        106 IT_PROG          4800                                               
                                                                            5760
                                                                                
        107 IT_PROG          4200                                               
                                                                            5040
                                                                                
        108 FI_MGR          12008                                               
                                                                           12008
                                                                                

EMPLOYEE_ID JOB_ID            old                                               
----------- ---------- ----------                                               
CASEWHENJOB_ID='SA_REP'THENSALARY*1.3WHENJOB_ID='IT_PROG'THENSALARY*1.2WHENJOB_I
--------------------------------------------------------------------------------
        109 FI_ACCOUNT       9000                                               
                                                                            9000
                                                                                
        110 FI_ACCOUNT       8200                                               
                                                                            8200
                                                                                
        111 FI_ACCOUNT       7700                                               
                                                                            7700
                                                                                

EMPLOYEE_ID JOB_ID            old                                               
----------- ---------- ----------                                               
CASEWHENJOB_ID='SA_REP'THENSALARY*1.3WHENJOB_ID='IT_PROG'THENSALARY*1.2WHENJOB_I
--------------------------------------------------------------------------------
        112 FI_ACCOUNT       7800                                               
                                                                            7800
                                                                                
        113 FI_ACCOUNT       6900                                               
                                                                            6900
                                                                                
        114 PU_MAN          11000                                               
                                                                           11000
                                                                                

EMPLOYEE_ID JOB_ID            old                                               
----------- ---------- ----------                                               
CASEWHENJOB_ID='SA_REP'THENSALARY*1.3WHENJOB_ID='IT_PROG'THENSALARY*1.2WHENJOB_I
--------------------------------------------------------------------------------
        115 PU_CLERK         3100                                               
                                                                            3100
                                                                                
        116 PU_CLERK         2900                                               
                                                                            2900
                                                                                
        117 PU_CLERK         2800                                               
                                                                            2800
                                                                                

EMPLOYEE_ID JOB_ID            old                                               
----------- ---------- ----------                                               
CASEWHENJOB_ID='SA_REP'THENSALARY*1.3WHENJOB_ID='IT_PROG'THENSALARY*1.2WHENJOB_I
--------------------------------------------------------------------------------
        118 PU_CLERK         2600                                               
                                                                            2600
                                                                                
        119 PU_CLERK         2500                                               
                                                                            2500
                                                                                
        120 ST_MAN           8000                                               
                                                                            8000
                                                                                

EMPLOYEE_ID JOB_ID            old                                               
----------- ---------- ----------                                               
CASEWHENJOB_ID='SA_REP'THENSALARY*1.3WHENJOB_ID='IT_PROG'THENSALARY*1.2WHENJOB_I
--------------------------------------------------------------------------------
        121 ST_MAN           8200                                               
                                                                            8200
                                                                                
        122 ST_MAN           7900                                               
                                                                            7900
                                                                                
        123 ST_MAN           6500                                               
                                                                            6500
                                                                                

EMPLOYEE_ID JOB_ID            old                                               
----------- ---------- ----------                                               
CASEWHENJOB_ID='SA_REP'THENSALARY*1.3WHENJOB_ID='IT_PROG'THENSALARY*1.2WHENJOB_I
--------------------------------------------------------------------------------
        124 ST_MAN           5800                                               
                                                                            5800
                                                                                
        125 ST_CLERK         3200                                               
                                                                            3200
                                                                                
        126 ST_CLERK         2700                                               
                                                                            2700
                                                                                

EMPLOYEE_ID JOB_ID            old                                               
----------- ---------- ----------                                               
CASEWHENJOB_ID='SA_REP'THENSALARY*1.3WHENJOB_ID='IT_PROG'THENSALARY*1.2WHENJOB_I
--------------------------------------------------------------------------------
        127 ST_CLERK         2400                                               
                                                                            2400
                                                                                
        128 ST_CLERK         2200                                               
                                                                            2200
                                                                                
        129 ST_CLERK         3300                                               
                                                                            3300
                                                                                

EMPLOYEE_ID JOB_ID            old                                               
----------- ---------- ----------                                               
CASEWHENJOB_ID='SA_REP'THENSALARY*1.3WHENJOB_ID='IT_PROG'THENSALARY*1.2WHENJOB_I
--------------------------------------------------------------------------------
        130 ST_CLERK         2800                                               
                                                                            2800
                                                                                
        131 ST_CLERK         2500                                               
                                                                            2500
                                                                                
        132 ST_CLERK         2100                                               
                                                                            2100
                                                                                

EMPLOYEE_ID JOB_ID            old                                               
----------- ---------- ----------                                               
CASEWHENJOB_ID='SA_REP'THENSALARY*1.3WHENJOB_ID='IT_PROG'THENSALARY*1.2WHENJOB_I
--------------------------------------------------------------------------------
        133 ST_CLERK         3300                                               
                                                                            3300
                                                                                
        134 ST_CLERK         2900                                               
                                                                            2900
                                                                                
        135 ST_CLERK         2400                                               
                                                                            2400
                                                                                

EMPLOYEE_ID JOB_ID            old                                               
----------- ---------- ----------                                               
CASEWHENJOB_ID='SA_REP'THENSALARY*1.3WHENJOB_ID='IT_PROG'THENSALARY*1.2WHENJOB_I
--------------------------------------------------------------------------------
        136 ST_CLERK         2200                                               
                                                                            2200
                                                                                
        137 ST_CLERK         3600                                               
                                                                            3600
                                                                                
        138 ST_CLERK         3200                                               
                                                                            3200
                                                                                

EMPLOYEE_ID JOB_ID            old                                               
----------- ---------- ----------                                               
CASEWHENJOB_ID='SA_REP'THENSALARY*1.3WHENJOB_ID='IT_PROG'THENSALARY*1.2WHENJOB_I
--------------------------------------------------------------------------------
        139 ST_CLERK         2700                                               
                                                                            2700
                                                                                
        140 ST_CLERK         2500                                               
                                                                            2500
                                                                                
        141 ST_CLERK         3500                                               
                                                                            3500
                                                                                

EMPLOYEE_ID JOB_ID            old                                               
----------- ---------- ----------                                               
CASEWHENJOB_ID='SA_REP'THENSALARY*1.3WHENJOB_ID='IT_PROG'THENSALARY*1.2WHENJOB_I
--------------------------------------------------------------------------------
        142 ST_CLERK         3100                                               
                                                                            3100
                                                                                
        143 ST_CLERK         2600                                               
                                                                            2600
                                                                                
        144 ST_CLERK         2500                                               
                                                                            2500
                                                                                

EMPLOYEE_ID JOB_ID            old                                               
----------- ---------- ----------                                               
CASEWHENJOB_ID='SA_REP'THENSALARY*1.3WHENJOB_ID='IT_PROG'THENSALARY*1.2WHENJOB_I
--------------------------------------------------------------------------------
        145 SA_MAN          14000                                               
                                                                           15400
                                                                                
        146 SA_MAN          13500                                               
                                                                           14850
                                                                                
        147 SA_MAN          12000                                               
                                                                           13200
                                                                                

EMPLOYEE_ID JOB_ID            old                                               
----------- ---------- ----------                                               
CASEWHENJOB_ID='SA_REP'THENSALARY*1.3WHENJOB_ID='IT_PROG'THENSALARY*1.2WHENJOB_I
--------------------------------------------------------------------------------
        148 SA_MAN          11000                                               
                                                                           12100
                                                                                
        149 SA_MAN          10500                                               
                                                                           11550
                                                                                
        150 SA_REP          10000                                               
                                                                           13000
                                                                                

EMPLOYEE_ID JOB_ID            old                                               
----------- ---------- ----------                                               
CASEWHENJOB_ID='SA_REP'THENSALARY*1.3WHENJOB_ID='IT_PROG'THENSALARY*1.2WHENJOB_I
--------------------------------------------------------------------------------
        151 SA_REP           9500                                               
                                                                           12350
                                                                                
        152 SA_REP           9000                                               
                                                                           11700
                                                                                
        153 SA_REP           8000                                               
                                                                           10400
                                                                                

EMPLOYEE_ID JOB_ID            old                                               
----------- ---------- ----------                                               
CASEWHENJOB_ID='SA_REP'THENSALARY*1.3WHENJOB_ID='IT_PROG'THENSALARY*1.2WHENJOB_I
--------------------------------------------------------------------------------
        154 SA_REP           7500                                               
                                                                            9750
                                                                                
        155 SA_REP           7000                                               
                                                                            9100
                                                                                
        156 SA_REP          10000                                               
                                                                           13000
                                                                                

EMPLOYEE_ID JOB_ID            old                                               
----------- ---------- ----------                                               
CASEWHENJOB_ID='SA_REP'THENSALARY*1.3WHENJOB_ID='IT_PROG'THENSALARY*1.2WHENJOB_I
--------------------------------------------------------------------------------
        157 SA_REP           9500                                               
                                                                           12350
                                                                                
        158 SA_REP           9000                                               
                                                                           11700
                                                                                
        159 SA_REP           8000                                               
                                                                           10400
                                                                                

EMPLOYEE_ID JOB_ID            old                                               
----------- ---------- ----------                                               
CASEWHENJOB_ID='SA_REP'THENSALARY*1.3WHENJOB_ID='IT_PROG'THENSALARY*1.2WHENJOB_I
--------------------------------------------------------------------------------
        160 SA_REP           7500                                               
                                                                            9750
                                                                                
        161 SA_REP           7000                                               
                                                                            9100
                                                                                
        162 SA_REP          10500                                               
                                                                           13650
                                                                                

EMPLOYEE_ID JOB_ID            old                                               
----------- ---------- ----------                                               
CASEWHENJOB_ID='SA_REP'THENSALARY*1.3WHENJOB_ID='IT_PROG'THENSALARY*1.2WHENJOB_I
--------------------------------------------------------------------------------
        163 SA_REP           9500                                               
                                                                           12350
                                                                                
        164 SA_REP           7200                                               
                                                                            9360
                                                                                
        165 SA_REP           6800                                               
                                                                            8840
                                                                                

EMPLOYEE_ID JOB_ID            old                                               
----------- ---------- ----------                                               
CASEWHENJOB_ID='SA_REP'THENSALARY*1.3WHENJOB_ID='IT_PROG'THENSALARY*1.2WHENJOB_I
--------------------------------------------------------------------------------
        166 SA_REP           6400                                               
                                                                            8320
                                                                                
        167 SA_REP           6200                                               
                                                                            8060
                                                                                
        168 SA_REP          11500                                               
                                                                           14950
                                                                                

EMPLOYEE_ID JOB_ID            old                                               
----------- ---------- ----------                                               
CASEWHENJOB_ID='SA_REP'THENSALARY*1.3WHENJOB_ID='IT_PROG'THENSALARY*1.2WHENJOB_I
--------------------------------------------------------------------------------
        169 SA_REP          10000                                               
                                                                           13000
                                                                                
        170 SA_REP           9600                                               
                                                                           12480
                                                                                
        171 SA_REP           7400                                               
                                                                            9620
                                                                                

EMPLOYEE_ID JOB_ID            old                                               
----------- ---------- ----------                                               
CASEWHENJOB_ID='SA_REP'THENSALARY*1.3WHENJOB_ID='IT_PROG'THENSALARY*1.2WHENJOB_I
--------------------------------------------------------------------------------
        172 SA_REP           7300                                               
                                                                            9490
                                                                                
        173 SA_REP           6100                                               
                                                                            7930
                                                                                
        174 SA_REP          11000                                               
                                                                           14300
                                                                                

EMPLOYEE_ID JOB_ID            old                                               
----------- ---------- ----------                                               
CASEWHENJOB_ID='SA_REP'THENSALARY*1.3WHENJOB_ID='IT_PROG'THENSALARY*1.2WHENJOB_I
--------------------------------------------------------------------------------
        175 SA_REP           8800                                               
                                                                           11440
                                                                                
        176 SA_REP           8600                                               
                                                                           11180
                                                                                
        177 SA_REP           8400                                               
                                                                           10920
                                                                                

EMPLOYEE_ID JOB_ID            old                                               
----------- ---------- ----------                                               
CASEWHENJOB_ID='SA_REP'THENSALARY*1.3WHENJOB_ID='IT_PROG'THENSALARY*1.2WHENJOB_I
--------------------------------------------------------------------------------
        178 SA_REP           7000                                               
                                                                            9100
                                                                                
        179 SA_REP           6200                                               
                                                                            8060
                                                                                
        180 SH_CLERK         3200                                               
                                                                            3200
                                                                                

EMPLOYEE_ID JOB_ID            old                                               
----------- ---------- ----------                                               
CASEWHENJOB_ID='SA_REP'THENSALARY*1.3WHENJOB_ID='IT_PROG'THENSALARY*1.2WHENJOB_I
--------------------------------------------------------------------------------
        181 SH_CLERK         3100                                               
                                                                            3100
                                                                                
        182 SH_CLERK         2500                                               
                                                                            2500
                                                                                
        183 SH_CLERK         2800                                               
                                                                            2800
                                                                                

EMPLOYEE_ID JOB_ID            old                                               
----------- ---------- ----------                                               
CASEWHENJOB_ID='SA_REP'THENSALARY*1.3WHENJOB_ID='IT_PROG'THENSALARY*1.2WHENJOB_I
--------------------------------------------------------------------------------
        184 SH_CLERK         4200                                               
                                                                            4200
                                                                                
        185 SH_CLERK         4100                                               
                                                                            4100
                                                                                
        186 SH_CLERK         3400                                               
                                                                            3400
                                                                                

EMPLOYEE_ID JOB_ID            old                                               
----------- ---------- ----------                                               
CASEWHENJOB_ID='SA_REP'THENSALARY*1.3WHENJOB_ID='IT_PROG'THENSALARY*1.2WHENJOB_I
--------------------------------------------------------------------------------
        187 SH_CLERK         3000                                               
                                                                            3000
                                                                                
        188 SH_CLERK         3800                                               
                                                                            3800
                                                                                
        189 SH_CLERK         3600                                               
                                                                            3600
                                                                                

EMPLOYEE_ID JOB_ID            old                                               
----------- ---------- ----------                                               
CASEWHENJOB_ID='SA_REP'THENSALARY*1.3WHENJOB_ID='IT_PROG'THENSALARY*1.2WHENJOB_I
--------------------------------------------------------------------------------
        190 SH_CLERK         2900                                               
                                                                            2900
                                                                                
        191 SH_CLERK         2500                                               
                                                                            2500
                                                                                
        192 SH_CLERK         4000                                               
                                                                            4000
                                                                                

EMPLOYEE_ID JOB_ID            old                                               
----------- ---------- ----------                                               
CASEWHENJOB_ID='SA_REP'THENSALARY*1.3WHENJOB_ID='IT_PROG'THENSALARY*1.2WHENJOB_I
--------------------------------------------------------------------------------
        193 SH_CLERK         3900                                               
                                                                            3900
                                                                                
        194 SH_CLERK         3200                                               
                                                                            3200
                                                                                
        195 SH_CLERK         2800                                               
                                                                            2800
                                                                                

EMPLOYEE_ID JOB_ID            old                                               
----------- ---------- ----------                                               
CASEWHENJOB_ID='SA_REP'THENSALARY*1.3WHENJOB_ID='IT_PROG'THENSALARY*1.2WHENJOB_I
--------------------------------------------------------------------------------
        196 SH_CLERK         3100                                               
                                                                            3100
                                                                                
        197 SH_CLERK         3000                                               
                                                                            3000
                                                                                
        198 SH_CLERK         2600                                               
                                                                            2600
                                                                                

EMPLOYEE_ID JOB_ID            old                                               
----------- ---------- ----------                                               
CASEWHENJOB_ID='SA_REP'THENSALARY*1.3WHENJOB_ID='IT_PROG'THENSALARY*1.2WHENJOB_I
--------------------------------------------------------------------------------
        199 SH_CLERK         2600                                               
                                                                            2600
                                                                                
        200 AD_ASST          4400                                               
                                                                            4400
                                                                                
        201 MK_MAN          13000                                               
                                                                           13000
                                                                                

EMPLOYEE_ID JOB_ID            old                                               
----------- ---------- ----------                                               
CASEWHENJOB_ID='SA_REP'THENSALARY*1.3WHENJOB_ID='IT_PROG'THENSALARY*1.2WHENJOB_I
--------------------------------------------------------------------------------
        202 MK_REP           6000                                               
                                                                            6000
                                                                                
        203 HR_REP           6500                                               
                                                                            6500
                                                                                
        204 PR_REP          10000                                               
                                                                           10000
                                                                                

EMPLOYEE_ID JOB_ID            old                                               
----------- ---------- ----------                                               
CASEWHENJOB_ID='SA_REP'THENSALARY*1.3WHENJOB_ID='IT_PROG'THENSALARY*1.2WHENJOB_I
--------------------------------------------------------------------------------
        205 AC_MGR          12008                                               
                                                                           12008
                                                                                
        206 AC_ACCOUNT       8300                                               
                                                                            8300
                                                                                

107 rows selected.

SQL> select count(*) from employees;

  COUNT(*)                                                                      
----------                                                                      
       107                                                                      

SQL> select min(salary) , max(salary), avg(salary), sum(salary) from employees;

MIN(SALARY) MAX(SALARY) AVG(SALARY) SUM(SALARY)                                 
----------- ----------- ----------- -----------                                 
       2100       24000  6461.83178      691416                                 

SQL> select min(salary) , max(hire_date), avg(hire_date) from employees;
select min(salary) , max(hire_date), avg(hire_date) from employees
                                         *
ERROR at line 1:
ORA-00932: inconsistent datatypes: expected NUMBER got DATE 


SQL> select min(hire_date) , max(hire_date) from employees;o
  2  
SQL> 
SQL> select min(hire_date) , max(hire_date) from employees;

MIN(HIRE_ MAX(HIRE_                                                             
--------- ---------                                                             
13-JAN-01 21-APR-08                                                             

SQL> select department_id, min(salary), max(salary)  from employees
  2  group by department_id;

DEPARTMENT_ID MIN(SALARY) MAX(SALARY)                                           
------------- ----------- -----------                                           
          100        6900       12008                                           
           30        2500       11000                                           
                     7000        7000                                           
           90       17000       24000                                           
           20        6000       13000                                           
           70       10000       10000                                           
          110        8300       12008                                           
           50        2100        8200                                           
           80        6100       14000                                           
           40        6500        6500                                           
           60        4200        9000                                           

DEPARTMENT_ID MIN(SALARY) MAX(SALARY)                                           
------------- ----------- -----------                                           
           10        4400        4400                                           

12 rows selected.

SQL> select department_id, min(salary), max(salary), avg(salary)  from employees
  2  group by department_id
  3  having avg(salary)>=10000;

DEPARTMENT_ID MIN(SALARY) MAX(SALARY) AVG(SALARY)                               
------------- ----------- ----------- -----------                               
           90       17000       24000  19333.3333                               
           70       10000       10000       10000                               
          110        8300       12008       10154                               

SQL> select department_id, min(salary), max(salary), avg(salary)  from employees
  2  group by department_id
  3  having avg(salary)>=10000
  4  order by salary desc;
order by salary desc
         *
ERROR at line 4:
ORA-00979: not a GROUP BY expression 


SQL> select department_id, min(salary), max(salary), avg(salary)  from employees
  2  group by department_id
  3  having avg(salary)>=10000
  4  order by department_id;

DEPARTMENT_ID MIN(SALARY) MAX(SALARY) AVG(SALARY)                               
------------- ----------- ----------- -----------                               
           70       10000       10000       10000                               
           90       17000       24000  19333.3333                               
          110        8300       12008       10154                               

SQL> select department_id, min(salary), max(salary), avg(salary)  from employees
  2  group by department_id
  3  having avg(salary)>=8000;

DEPARTMENT_ID MIN(SALARY) MAX(SALARY) AVG(SALARY)                               
------------- ----------- ----------- -----------                               
          100        6900       12008  8601.33333                               
           90       17000       24000  19333.3333                               
           20        6000       13000        9500                               
           70       10000       10000       10000                               
          110        8300       12008       10154                               
           80        6100       14000  8955.88235                               

6 rows selected.

SQL> select department_id, min(salary), max(salary), avg(salary)  from employees
  2  where hire_date>='-JAN-2003'
  3  group by department_id
  4  having avg(salary)>=8000;
where hire_date>='-JAN-2003'
                 *
ERROR at line 2:
ORA-01858: a non-numeric character was found where a numeric was expected 


SQL> select department_id, min(salary), max(salary), avg(salary)  from employees
  2  where hire_date>='-JAN-2003'
  3  group by department_id
  4  having avg(salary)>=8000;
where hire_date>='-JAN-2003'
                 *
ERROR at line 2:
ORA-01858: a non-numeric character was found where a numeric was expected 


SQL> select department_id, min(salary), max(salary), avg(salary)  from employees
  2  where hire_date>='01-JAN-2003'
  3  group by department_id
  4  having avg(salary)>=8000;

DEPARTMENT_ID MIN(SALARY) MAX(SALARY) AVG(SALARY)                               
------------- ----------- ----------- -----------                               
           90       17000       24000       20500                               
           20        6000       13000        9500                               
           80        6100       14000  8955.88235                               

SQL> spool off
