SQL> select max(salary) "Highest Salary", min(salary)"Lowest Salary",sum(salary) "Sum of salary", round(avg(salary))"Average" from employees;

Highest Salary Lowest Salary Sum of salary    Average                           
-------------- ------------- ------------- ----------                           
         24000          2100        691416       6462                           

SQL> select max(salary) "Highest Salary", min(salary)"Lowest Salary",sum(salary) "Sum of salary", round(avg(salary))"Average"
  2  from employees
  3  group by job_id;

Highest Salary Lowest Salary Sum of salary    Average                           
-------------- ------------- ------------- ----------                           
          9000          4200         28800       5760                           
         12008         12008         12008      12008                           
          8300          8300          8300       8300                           
          8200          5800         36400       7280                           
         11000         11000         11000      11000                           
          4400          4400          4400       4400                           
         17000         17000         34000      17000                           
          4200          2500         64300       3215                           
          9000          6900         39600       7920                           
         12008         12008         12008      12008                           
          3100          2500         13900       2780                           

Highest Salary Lowest Salary Sum of salary    Average                           
-------------- ------------- ------------- ----------                           
         14000         10500         61000      12200                           
         13000         13000         13000      13000                           
         10000         10000         10000      10000                           
         24000         24000         24000      24000                           
         11500          6100        250500       8350                           
          6000          6000          6000       6000                           
          3600          2100         55700       2785                           
          6500          6500          6500       6500                           

19 rows selected.

SQL> select job_id,max(salary) "Highest Salary", min(salary)"Lowest Salary",sum(salary) "Sum of salary", round(avg(salary))"Average"
  2  from employees
  3  group by job_id;

JOB_ID     Highest Salary Lowest Salary Sum of salary    Average                
---------- -------------- ------------- ------------- ----------                
IT_PROG              9000          4200         28800       5760                
AC_MGR              12008         12008         12008      12008                
AC_ACCOUNT           8300          8300          8300       8300                
ST_MAN               8200          5800         36400       7280                
PU_MAN              11000         11000         11000      11000                
AD_ASST              4400          4400          4400       4400                
AD_VP               17000         17000         34000      17000                
SH_CLERK             4200          2500         64300       3215                
FI_ACCOUNT           9000          6900         39600       7920                
FI_MGR              12008         12008         12008      12008                
PU_CLERK             3100          2500         13900       2780                

JOB_ID     Highest Salary Lowest Salary Sum of salary    Average                
---------- -------------- ------------- ------------- ----------                
SA_MAN              14000         10500         61000      12200                
MK_MAN              13000         13000         13000      13000                
PR_REP              10000         10000         10000      10000                
AD_PRES             24000         24000         24000      24000                
SA_REP              11500          6100        250500       8350                
MK_REP               6000          6000          6000       6000                
ST_CLERK             3600          2100         55700       2785                
HR_REP               6500          6500          6500       6500                

19 rows selected.

SQL>  select count(job_id), job_id
  2  from employees
  3  group by job_id;

COUNT(JOB_ID) JOB_ID                                                            
------------- ----------                                                        
            1 AC_ACCOUNT                                                        
            1 AC_MGR                                                            
            1 AD_ASST                                                           
            1 AD_PRES                                                           
            2 AD_VP                                                             
            5 FI_ACCOUNT                                                        
            1 FI_MGR                                                            
            1 HR_REP                                                            
            5 IT_PROG                                                           
            1 MK_MAN                                                            
            1 MK_REP                                                            

COUNT(JOB_ID) JOB_ID                                                            
------------- ----------                                                        
            1 PR_REP                                                            
            5 PU_CLERK                                                          
            1 PU_MAN                                                            
            5 SA_MAN                                                            
           30 SA_REP                                                            
           20 SH_CLERK                                                          
           20 ST_CLERK                                                          
            5 ST_MAN                                                            

19 rows selected.

SQL> select count(manager_id)
  2  from employees
  3  group by manager_id;

COUNT(MANAGER_ID)                                                               
-----------------                                                               
               14                                                               
                5                                                               
                1                                                               
                4                                                               
                5                                                               
                5                                                               
                8                                                               
                8                                                               
                8                                                               
                8                                                               
                8                                                               

COUNT(MANAGER_ID)                                                               
-----------------                                                               
                6                                                               
                6                                                               
                6                                                               
                6                                                               
                6                                                               
                1                                                               
                1                                                               

18 rows selected.

SQL> select max(Salary)- min(salary) "difference"
  2  from employees;

difference                                                                      
----------                                                                      
     21900                                                                      

SQL> select min(salary), manager_id
  2  from employees
  3  where manager_id is not null
  4  group by manager_id
  5  having min(salary)>6000
  6  order by min(salary) desc;

MIN(SALARY) MANAGER_ID                                                          
----------- ----------                                                          
       9000        102                                                          
       8300        205                                                          
       7000        145                                                          
       7000        146                                                          
       6900        108                                                          
       6200        147                                                          
       6200        149                                                          
       6100        148                                                          

8 rows selected.

SQL> select count(job_id), job_id
  2  from employees
  3  group by job_id;

COUNT(JOB_ID) JOB_ID                                                            
------------- ----------                                                        
            1 AC_ACCOUNT                                                        
            1 AC_MGR                                                            
            1 AD_ASST                                                           
            1 AD_PRES                                                           
            2 AD_VP                                                             
            5 FI_ACCOUNT                                                        
            1 FI_MGR                                                            
            1 HR_REP                                                            
            5 IT_PROG                                                           
            1 MK_MAN                                                            
            1 MK_REP                                                            

COUNT(JOB_ID) JOB_ID                                                            
------------- ----------                                                        
            1 PR_REP                                                            
            5 PU_CLERK                                                          
            1 PU_MAN                                                            
            5 SA_MAN                                                            
           30 SA_REP                                                            
           20 SH_CLERK                                                          
           20 ST_CLERK                                                          
            5 ST_MAN                                                            

19 rows selected.

SQL> select count(*) "Total"
  2  sum(decode(to_char(hire_date,'yyyy'),2007,1,0)) "2007",
  3  sum(decode(to_char(hire_date,'yyyy'),2008,1,0)) "2008",
  4  sum(decode(to_char(hire_date,'yyyy'),2009,1,0)) "2009",
  5  sum(decode(to_char(hire_date,'yyyy'),2010,1,0)) "2010",
  6  from employees;
sum(decode(to_char(hire_date,'yyyy'),2007,1,0)) "2007",
*
ERROR at line 2:
ORA-00923: FROM keyword not found where expected 


SQL> select count(*) "Total" ,
  2  sum(decode(to_char(hire_date,'yyyy'),2007,1,0)) "2007",
  3  sum(decode(to_char(hire_date,'yyyy'),2008,1,0)) "2008",
  4  sum(decode(to_char(hire_date,'yyyy'),2009,1,0)) "2009",
  5  sum(decode(to_char(hire_date,'yyyy'),2010,1,0)) "2010",
  6  from employees;
from employees
*
ERROR at line 6:
ORA-00936: missing expression 


SQL> select count(*) "Total" ,
  2  sum(decode(to_char(hire_date,'yyyy'),2010,1,0)) "2010"
  3  from employees;

     Total       2010                                                           
---------- ----------                                                           
       107          0                                                           

SQL> select count(*) "Total" ,
  2  sum(decode(to_char(hire_date,'yyyy'),2007,1,0)) "2007",
  3  sum(decode(to_char(hire_date,'yyyy'),2008,1,0)) "2008",
  4  sum(decode(to_char(hire_date,'yyyy'),2009,1,0)) "2009",
  5  sum(decode(to_char(hire_date,'yyyy'),2010,1,0)) "2010"
  6  from employees;

     Total       2007       2008       2009       2010                          
---------- ---------- ---------- ---------- ----------                          
       107         19         11          0          0                          

SQL> select job_id "job",
  2  sum(decode(department_id,20,salary))
  3  "20",
  4  sum(decode(department_id,50,salary)) "50",
  5  sum(decode(department_id,80,salary)) "80",
  6  sum(decode(department_id,90,salary)) "90"
  7  from employees;
select job_id "job",
       *
ERROR at line 1:
ORA-00937: not a single-group group function 


SQL> select job_id "job",
  2  sum(decode(department_id,20,salary))
  3  "20",
  4  sum(decode(department_id,50,salary)) "50",
  5  sum(decode(department_id,80,salary)) "80",
  6  sum(decode(department_id,90,salary)) "90"
  7  from employees
  8  group by job_id;

job                20         50         80         90                          
---------- ---------- ---------- ---------- ----------                          
IT_PROG                                                                         
AC_MGR                                                                          
AC_ACCOUNT                                                                      
ST_MAN                     36400                                                
PU_MAN                                                                          
AD_ASST                                                                         
AD_VP                                            34000                          
SH_CLERK                   64300                                                
FI_ACCOUNT                                                                      
FI_MGR                                                                          
PU_CLERK                                                                        

job                20         50         80         90                          
---------- ---------- ---------- ---------- ----------                          
SA_MAN                                61000                                     
MK_MAN          13000                                                           
PR_REP                                                                          
AD_PRES                                          24000                          
SA_REP                               243500                                     
MK_REP           6000                                                           
ST_CLERK                   55700                                                
HR_REP                                                                          

19 rows selected.

SQL> select current_date "Date" from dual;

Date                                                                            
---------                                                                       
31-DEC-19                                                                       

SQL> select employee_id, last_name, salary, salary*1.15 "New Salary"
  2  from employees;

EMPLOYEE_ID LAST_NAME                     SALARY New Salary                     
----------- ------------------------- ---------- ----------                     
        100 King                           24000      27600                     
        101 Kochhar                        17000      19550                     
        102 De Haan                        17000      19550                     
        103 Hunold                          9000      10350                     
        104 Ernst                           6000       6900                     
        105 Austin                          4800       5520                     
        106 Pataballa                       4800       5520                     
        107 Lorentz                         4200       4830                     
        108 Greenberg                      12008    13809.2                     
        109 Faviet                          9000      10350                     
        110 Chen                            8200       9430                     

EMPLOYEE_ID LAST_NAME                     SALARY New Salary                     
----------- ------------------------- ---------- ----------                     
        111 Sciarra                         7700       8855                     
        112 Urman                           7800       8970                     
        113 Popp                            6900       7935                     
        114 Raphaely                       11000      12650                     
        115 Khoo                            3100       3565                     
        116 Baida                           2900       3335                     
        117 Tobias                          2800       3220                     
        118 Himuro                          2600       2990                     
        119 Colmenares                      2500       2875                     
        120 Weiss                           8000       9200                     
        121 Fripp                           8200       9430                     

EMPLOYEE_ID LAST_NAME                     SALARY New Salary                     
----------- ------------------------- ---------- ----------                     
        122 Kaufling                        7900       9085                     
        123 Vollman                         6500       7475                     
        124 Mourgos                         5800       6670                     
        125 Nayer                           3200       3680                     
        126 Mikkilineni                     2700       3105                     
        127 Landry                          2400       2760                     
        128 Markle                          2200       2530                     
        129 Bissot                          3300       3795                     
        130 Atkinson                        2800       3220                     
        131 Marlow                          2500       2875                     
        132 Olson                           2100       2415                     

EMPLOYEE_ID LAST_NAME                     SALARY New Salary                     
----------- ------------------------- ---------- ----------                     
        133 Mallin                          3300       3795                     
        134 Rogers                          2900       3335                     
        135 Gee                             2400       2760                     
        136 Philtanker                      2200       2530                     
        137 Ladwig                          3600       4140                     
        138 Stiles                          3200       3680                     
        139 Seo                             2700       3105                     
        140 Patel                           2500       2875                     
        141 Rajs                            3500       4025                     
        142 Davies                          3100       3565                     
        143 Matos                           2600       2990                     

EMPLOYEE_ID LAST_NAME                     SALARY New Salary                     
----------- ------------------------- ---------- ----------                     
        144 Vargas                          2500       2875                     
        145 Russell                        14000      16100                     
        146 Partners                       13500      15525                     
        147 Errazuriz                      12000      13800                     
        148 Cambrault                      11000      12650                     
        149 Zlotkey                        10500      12075                     
        150 Tucker                         10000      11500                     
        151 Bernstein                       9500      10925                     
        152 Hall                            9000      10350                     
        153 Olsen                           8000       9200                     
        154 Cambrault                       7500       8625                     

EMPLOYEE_ID LAST_NAME                     SALARY New Salary                     
----------- ------------------------- ---------- ----------                     
        155 Tuvault                         7000       8050                     
        156 King                           10000      11500                     
        157 Sully                           9500      10925                     
        158 McEwen                          9000      10350                     
        159 Smith                           8000       9200                     
        160 Doran                           7500       8625                     
        161 Sewall                          7000       8050                     
        162 Vishney                        10500      12075                     
        163 Greene                          9500      10925                     
        164 Marvins                         7200       8280                     
        165 Lee                             6800       7820                     

EMPLOYEE_ID LAST_NAME                     SALARY New Salary                     
----------- ------------------------- ---------- ----------                     
        166 Ande                            6400       7360                     
        167 Banda                           6200       7130                     
        168 Ozer                           11500      13225                     
        169 Bloom                          10000      11500                     
        170 Fox                             9600      11040                     
        171 Smith                           7400       8510                     
        172 Bates                           7300       8395                     
        173 Kumar                           6100       7015                     
        174 Abel                           11000      12650                     
        175 Hutton                          8800      10120                     
        176 Taylor                          8600       9890                     

EMPLOYEE_ID LAST_NAME                     SALARY New Salary                     
----------- ------------------------- ---------- ----------                     
        177 Livingston                      8400       9660                     
        178 Grant                           7000       8050                     
        179 Johnson                         6200       7130                     
        180 Taylor                          3200       3680                     
        181 Fleaur                          3100       3565                     
        182 Sullivan                        2500       2875                     
        183 Geoni                           2800       3220                     
        184 Sarchand                        4200       4830                     
        185 Bull                            4100       4715                     
        186 Dellinger                       3400       3910                     
        187 Cabrio                          3000       3450                     

EMPLOYEE_ID LAST_NAME                     SALARY New Salary                     
----------- ------------------------- ---------- ----------                     
        188 Chung                           3800       4370                     
        189 Dilly                           3600       4140                     
        190 Gates                           2900       3335                     
        191 Perkins                         2500       2875                     
        192 Bell                            4000       4600                     
        193 Everett                         3900       4485                     
        194 McCain                          3200       3680                     
        195 Jones                           2800       3220                     
        196 Walsh                           3100       3565                     
        197 Feeney                          3000       3450                     
        198 OConnell                        2600       2990                     

EMPLOYEE_ID LAST_NAME                     SALARY New Salary                     
----------- ------------------------- ---------- ----------                     
        199 Grant                           2600       2990                     
        200 Whalen                          4400       5060                     
        201 Hartstein                      13000      14950                     
        202 Fay                             6000       6900                     
        203 Mavris                          6500       7475                     
        204 Baer                           10000      11500                     
        205 Higgins                        12008    13809.2                     
        206 Gietz                           8300       9545                     

107 rows selected.

SQL> select employee_id, last_name, salary, round(salary*1.15) "New Salary"  ,
  2  round(salary*1.15 )- salary "increase
  3  from employees;
ERROR:
ORA-01740: missing double quote in identifier 


SQL> select employee_id, last_name, salary, round(salary*1.15) "New Salary"  ,
  2  round(salary*1.15 )- salary "increase"
  3  from employees;

EMPLOYEE_ID LAST_NAME                     SALARY New Salary   increase          
----------- ------------------------- ---------- ---------- ----------          
        100 King                           24000      27600       3600          
        101 Kochhar                        17000      19550       2550          
        102 De Haan                        17000      19550       2550          
        103 Hunold                          9000      10350       1350          
        104 Ernst                           6000       6900        900          
        105 Austin                          4800       5520        720          
        106 Pataballa                       4800       5520        720          
        107 Lorentz                         4200       4830        630          
        108 Greenberg                      12008      13809       1801          
        109 Faviet                          9000      10350       1350          
        110 Chen                            8200       9430       1230          

EMPLOYEE_ID LAST_NAME                     SALARY New Salary   increase          
----------- ------------------------- ---------- ---------- ----------          
        111 Sciarra                         7700       8855       1155          
        112 Urman                           7800       8970       1170          
        113 Popp                            6900       7935       1035          
        114 Raphaely                       11000      12650       1650          
        115 Khoo                            3100       3565        465          
        116 Baida                           2900       3335        435          
        117 Tobias                          2800       3220        420          
        118 Himuro                          2600       2990        390          
        119 Colmenares                      2500       2875        375          
        120 Weiss                           8000       9200       1200          
        121 Fripp                           8200       9430       1230          

EMPLOYEE_ID LAST_NAME                     SALARY New Salary   increase          
----------- ------------------------- ---------- ---------- ----------          
        122 Kaufling                        7900       9085       1185          
        123 Vollman                         6500       7475        975          
        124 Mourgos                         5800       6670        870          
        125 Nayer                           3200       3680        480          
        126 Mikkilineni                     2700       3105        405          
        127 Landry                          2400       2760        360          
        128 Markle                          2200       2530        330          
        129 Bissot                          3300       3795        495          
        130 Atkinson                        2800       3220        420          
        131 Marlow                          2500       2875        375          
        132 Olson                           2100       2415        315          

EMPLOYEE_ID LAST_NAME                     SALARY New Salary   increase          
----------- ------------------------- ---------- ---------- ----------          
        133 Mallin                          3300       3795        495          
        134 Rogers                          2900       3335        435          
        135 Gee                             2400       2760        360          
        136 Philtanker                      2200       2530        330          
        137 Ladwig                          3600       4140        540          
        138 Stiles                          3200       3680        480          
        139 Seo                             2700       3105        405          
        140 Patel                           2500       2875        375          
        141 Rajs                            3500       4025        525          
        142 Davies                          3100       3565        465          
        143 Matos                           2600       2990        390          

EMPLOYEE_ID LAST_NAME                     SALARY New Salary   increase          
----------- ------------------------- ---------- ---------- ----------          
        144 Vargas                          2500       2875        375          
        145 Russell                        14000      16100       2100          
        146 Partners                       13500      15525       2025          
        147 Errazuriz                      12000      13800       1800          
        148 Cambrault                      11000      12650       1650          
        149 Zlotkey                        10500      12075       1575          
        150 Tucker                         10000      11500       1500          
        151 Bernstein                       9500      10925       1425          
        152 Hall                            9000      10350       1350          
        153 Olsen                           8000       9200       1200          
        154 Cambrault                       7500       8625       1125          

EMPLOYEE_ID LAST_NAME                     SALARY New Salary   increase          
----------- ------------------------- ---------- ---------- ----------          
        155 Tuvault                         7000       8050       1050          
        156 King                           10000      11500       1500          
        157 Sully                           9500      10925       1425          
        158 McEwen                          9000      10350       1350          
        159 Smith                           8000       9200       1200          
        160 Doran                           7500       8625       1125          
        161 Sewall                          7000       8050       1050          
        162 Vishney                        10500      12075       1575          
        163 Greene                          9500      10925       1425          
        164 Marvins                         7200       8280       1080          
        165 Lee                             6800       7820       1020          

EMPLOYEE_ID LAST_NAME                     SALARY New Salary   increase          
----------- ------------------------- ---------- ---------- ----------          
        166 Ande                            6400       7360        960          
        167 Banda                           6200       7130        930          
        168 Ozer                           11500      13225       1725          
        169 Bloom                          10000      11500       1500          
        170 Fox                             9600      11040       1440          
        171 Smith                           7400       8510       1110          
        172 Bates                           7300       8395       1095          
        173 Kumar                           6100       7015        915          
        174 Abel                           11000      12650       1650          
        175 Hutton                          8800      10120       1320          
        176 Taylor                          8600       9890       1290          

EMPLOYEE_ID LAST_NAME                     SALARY New Salary   increase          
----------- ------------------------- ---------- ---------- ----------          
        177 Livingston                      8400       9660       1260          
        178 Grant                           7000       8050       1050          
        179 Johnson                         6200       7130        930          
        180 Taylor                          3200       3680        480          
        181 Fleaur                          3100       3565        465          
        182 Sullivan                        2500       2875        375          
        183 Geoni                           2800       3220        420          
        184 Sarchand                        4200       4830        630          
        185 Bull                            4100       4715        615          
        186 Dellinger                       3400       3910        510          
        187 Cabrio                          3000       3450        450          

EMPLOYEE_ID LAST_NAME                     SALARY New Salary   increase          
----------- ------------------------- ---------- ---------- ----------          
        188 Chung                           3800       4370        570          
        189 Dilly                           3600       4140        540          
        190 Gates                           2900       3335        435          
        191 Perkins                         2500       2875        375          
        192 Bell                            4000       4600        600          
        193 Everett                         3900       4485        585          
        194 McCain                          3200       3680        480          
        195 Jones                           2800       3220        420          
        196 Walsh                           3100       3565        465          
        197 Feeney                          3000       3450        450          
        198 OConnell                        2600       2990        390          

EMPLOYEE_ID LAST_NAME                     SALARY New Salary   increase          
----------- ------------------------- ---------- ---------- ----------          
        199 Grant                           2600       2990        390          
        200 Whalen                          4400       5060        660          
        201 Hartstein                      13000      14950       1950          
        202 Fay                             6000       6900        900          
        203 Mavris                          6500       7475        975          
        204 Baer                           10000      11500       1500          
        205 Higgins                        12008      13809       1801          
        206 Gietz                           8300       9545       1245          

107 rows selected.

SQL> select concat(upper(substr(last_name,1,1)), substr(last_name,2)),
  2  length(last_name)
  3  from employees
  4  where last_name like 'A%';

CONCAT(UPPER(SUBSTR(LAST_ LENGTH(LAST_NAME)                                     
------------------------- -----------------                                     
Abel                                      4                                     
Ande                                      4                                     
Atkinson                                  8                                     
Austin                                    6                                     

SQL> select concat(upper(substr(last_name,1,1)), substr(last_name,2)),
  2  length(last_name)
  3  from employees
  4  where last_name like 'A%' or last_name like 'M%' or last_name like 'J%';

CONCAT(UPPER(SUBSTR(LAST_ LENGTH(LAST_NAME)                                     
------------------------- -----------------                                     
Abel                                      4                                     
Ande                                      4                                     
Atkinson                                  8                                     
Austin                                    6                                     
Johnson                                   7                                     
Jones                                     5                                     
Mallin                                    6                                     
Markle                                    6                                     
Marlow                                    6                                     
Marvins                                   7                                     
Matos                                     5                                     

CONCAT(UPPER(SUBSTR(LAST_ LENGTH(LAST_NAME)                                     
------------------------- -----------------                                     
Mavris                                    6                                     
McCain                                    6                                     
McEwen                                    6                                     
Mikkilineni                              11                                     
Mourgos                                   7                                     

16 rows selected.

SQL> select last_name,round((sysdate-hire_date)/30)"Months worked"
  2  from employees
  3  order  (sysdate-hire_date)/30;
order  (sysdate-hire_date)/30
       *
ERROR at line 3:
ORA-00924: missing BY keyword 


SQL> select last_name,round((sysdate-hire_date)/30)"Months worked"
  2  from employees
  3  order by (sysdate-hire_date)/30;

LAST_NAME                 Months worked                                         
------------------------- -------------                                         
Banda                               142                                         
Kumar                               142                                         
Ande                                143                                         
Markle                              144                                         
Lee                                 144                                         
Philtanker                          145                                         
Geoni                               145                                         
Zlotkey                             145                                         
Marvins                             145                                         
Grant                               146                                         
Johnson                             146                                         

LAST_NAME                 Months worked                                         
------------------------- -------------                                         
Perkins                             147                                         
Gee                                 147                                         
Popp                                147                                         
Tuvault                             147                                         
Mourgos                             148                                         
Cambrault                           149                                         
Colmenares                          151                                         
OConnell                            153                                         
Sullivan                            153                                         
Grant                               153                                         
Ernst                               154                                         

LAST_NAME                 Months worked                                         
------------------------- -------------                                         
Olson                               155                                         
Bates                               156                                         
Greene                              156                                         
Jones                               156                                         
Smith                               156                                         
Cabrio                              157                                         
Lorentz                             157                                         
Landry                              158                                         
Cambrault                           159                                         
Himuro                              160                                         
Sewall                              160                                         

LAST_NAME                 Months worked                                         
------------------------- -------------                                         
Mikkilineni                         161                                         
Rogers                              163                                         
Gates                               164                                         
Vargas                              164                                         
McCain                              164                                         
Dellinger                           165                                         
Feeney                              166                                         
Walsh                               167                                         
Livingston                          167                                         
Patel                               167                                         
Olsen                               167                                         

LAST_NAME                 Months worked                                         
------------------------- -------------                                         
Taylor                              168                                         
Bloom                               168                                         
Matos                               168                                         
Urman                               168                                         
Fleaur                              169                                         
Seo                                 169                                         
Pataballa                           169                                         
Taylor                              170                                         
Fox                                 170                                         
Hunold                              170                                         
Baida                               171                                         

LAST_NAME                 Months worked                                         
------------------------- -------------                                         
Doran                               171                                         
Vishney                             172                                         
Atkinson                            173                                         
Stiles                              173                                         
Vollman                             173                                         
Sciarra                             174                                         
Chen                                174                                         
Kochhar                             174                                         
Bissot                              175                                         
Hall                                175                                         
Fay                                 175                                         

LAST_NAME                 Months worked                                         
------------------------- -------------                                         
Dilly                               175                                         
Tobias                              176                                         
Nayer                               176                                         
Austin                              177                                         
Chung                               177                                         
Fripp                               179                                         
Bernstein                           180                                         
Hutton                              180                                         
Ozer                                180                                         
Smith                               180                                         
Errazuriz                           180                                         

LAST_NAME                 Months worked                                         
------------------------- -------------                                         
Everett                             181                                         
Bull                                181                                         
Marlow                              181                                         
Tucker                              182                                         
Davies                              182                                         
Partners                            182                                         
Russell                             186                                         
McEwen                              188                                         
Weiss                               188                                         
Mallin                              189                                         
Abel                                190                                         

LAST_NAME                 Months worked                                         
------------------------- -------------                                         
Sully                               193                                         
Hartstein                           193                                         
Bell                                194                                         
King                                194                                         
Sarchand                            194                                         
Rajs                                197                                         
Whalen                              198                                         
Ladwig                              200                                         
King                                201                                         
Khoo                                202                                         
Kaufling                            203                                         

LAST_NAME                 Months worked                                         
------------------------- -------------                                         
Raphaely                            208                                         
Greenberg                           212                                         
Faviet                              212                                         
Gietz                               214                                         
Mavris                              214                                         
Baer                                214                                         
Higgins                             214                                         
De Haan                             231                                         

107 rows selected.

SQL> select last_name || " earns " || salary || " monthly but wants " ||
  2  salary*3
  3  from employees;
select last_name || " earns " || salary || " monthly but wants " ||
                                           *
ERROR at line 1:
ORA-00904: " monthly but wants ": invalid identifier 


SQL> select last_name || ' earns ' || salary || ' monthly but wants ' ||
  2  salary*3
  3  from employees;

LAST_NAME||'EARNS'||SALARY||'MONTHLYBUTWANTS'||SALARY*3                         
--------------------------------------------------------------------------------
King earns 24000 monthly but wants 72000                                        
Kochhar earns 17000 monthly but wants 51000                                     
De Haan earns 17000 monthly but wants 51000                                     
Hunold earns 9000 monthly but wants 27000                                       
Ernst earns 6000 monthly but wants 18000                                        
Austin earns 4800 monthly but wants 14400                                       
Pataballa earns 4800 monthly but wants 14400                                    
Lorentz earns 4200 monthly but wants 12600                                      
Greenberg earns 12008 monthly but wants 36024                                   
Faviet earns 9000 monthly but wants 27000                                       
Chen earns 8200 monthly but wants 24600                                         

LAST_NAME||'EARNS'||SALARY||'MONTHLYBUTWANTS'||SALARY*3                         
--------------------------------------------------------------------------------
Sciarra earns 7700 monthly but wants 23100                                      
Urman earns 7800 monthly but wants 23400                                        
Popp earns 6900 monthly but wants 20700                                         
Raphaely earns 11000 monthly but wants 33000                                    
Khoo earns 3100 monthly but wants 9300                                          
Baida earns 2900 monthly but wants 8700                                         
Tobias earns 2800 monthly but wants 8400                                        
Himuro earns 2600 monthly but wants 7800                                        
Colmenares earns 2500 monthly but wants 7500                                    
Weiss earns 8000 monthly but wants 24000                                        
Fripp earns 8200 monthly but wants 24600                                        

LAST_NAME||'EARNS'||SALARY||'MONTHLYBUTWANTS'||SALARY*3                         
--------------------------------------------------------------------------------
Kaufling earns 7900 monthly but wants 23700                                     
Vollman earns 6500 monthly but wants 19500                                      
Mourgos earns 5800 monthly but wants 17400                                      
Nayer earns 3200 monthly but wants 9600                                         
Mikkilineni earns 2700 monthly but wants 8100                                   
Landry earns 2400 monthly but wants 7200                                        
Markle earns 2200 monthly but wants 6600                                        
Bissot earns 3300 monthly but wants 9900                                        
Atkinson earns 2800 monthly but wants 8400                                      
Marlow earns 2500 monthly but wants 7500                                        
Olson earns 2100 monthly but wants 6300                                         

LAST_NAME||'EARNS'||SALARY||'MONTHLYBUTWANTS'||SALARY*3                         
--------------------------------------------------------------------------------
Mallin earns 3300 monthly but wants 9900                                        
Rogers earns 2900 monthly but wants 8700                                        
Gee earns 2400 monthly but wants 7200                                           
Philtanker earns 2200 monthly but wants 6600                                    
Ladwig earns 3600 monthly but wants 10800                                       
Stiles earns 3200 monthly but wants 9600                                        
Seo earns 2700 monthly but wants 8100                                           
Patel earns 2500 monthly but wants 7500                                         
Rajs earns 3500 monthly but wants 10500                                         
Davies earns 3100 monthly but wants 9300                                        
Matos earns 2600 monthly but wants 7800                                         

LAST_NAME||'EARNS'||SALARY||'MONTHLYBUTWANTS'||SALARY*3                         
--------------------------------------------------------------------------------
Vargas earns 2500 monthly but wants 7500                                        
Russell earns 14000 monthly but wants 42000                                     
Partners earns 13500 monthly but wants 40500                                    
Errazuriz earns 12000 monthly but wants 36000                                   
Cambrault earns 11000 monthly but wants 33000                                   
Zlotkey earns 10500 monthly but wants 31500                                     
Tucker earns 10000 monthly but wants 30000                                      
Bernstein earns 9500 monthly but wants 28500                                    
Hall earns 9000 monthly but wants 27000                                         
Olsen earns 8000 monthly but wants 24000                                        
Cambrault earns 7500 monthly but wants 22500                                    

LAST_NAME||'EARNS'||SALARY||'MONTHLYBUTWANTS'||SALARY*3                         
--------------------------------------------------------------------------------
Tuvault earns 7000 monthly but wants 21000                                      
King earns 10000 monthly but wants 30000                                        
Sully earns 9500 monthly but wants 28500                                        
McEwen earns 9000 monthly but wants 27000                                       
Smith earns 8000 monthly but wants 24000                                        
Doran earns 7500 monthly but wants 22500                                        
Sewall earns 7000 monthly but wants 21000                                       
Vishney earns 10500 monthly but wants 31500                                     
Greene earns 9500 monthly but wants 28500                                       
Marvins earns 7200 monthly but wants 21600                                      
Lee earns 6800 monthly but wants 20400                                          

LAST_NAME||'EARNS'||SALARY||'MONTHLYBUTWANTS'||SALARY*3                         
--------------------------------------------------------------------------------
Ande earns 6400 monthly but wants 19200                                         
Banda earns 6200 monthly but wants 18600                                        
Ozer earns 11500 monthly but wants 34500                                        
Bloom earns 10000 monthly but wants 30000                                       
Fox earns 9600 monthly but wants 28800                                          
Smith earns 7400 monthly but wants 22200                                        
Bates earns 7300 monthly but wants 21900                                        
Kumar earns 6100 monthly but wants 18300                                        
Abel earns 11000 monthly but wants 33000                                        
Hutton earns 8800 monthly but wants 26400                                       
Taylor earns 8600 monthly but wants 25800                                       

LAST_NAME||'EARNS'||SALARY||'MONTHLYBUTWANTS'||SALARY*3                         
--------------------------------------------------------------------------------
Livingston earns 8400 monthly but wants 25200                                   
Grant earns 7000 monthly but wants 21000                                        
Johnson earns 6200 monthly but wants 18600                                      
Taylor earns 3200 monthly but wants 9600                                        
Fleaur earns 3100 monthly but wants 9300                                        
Sullivan earns 2500 monthly but wants 7500                                      
Geoni earns 2800 monthly but wants 8400                                         
Sarchand earns 4200 monthly but wants 12600                                     
Bull earns 4100 monthly but wants 12300                                         
Dellinger earns 3400 monthly but wants 10200                                    
Cabrio earns 3000 monthly but wants 9000                                        

LAST_NAME||'EARNS'||SALARY||'MONTHLYBUTWANTS'||SALARY*3                         
--------------------------------------------------------------------------------
Chung earns 3800 monthly but wants 11400                                        
Dilly earns 3600 monthly but wants 10800                                        
Gates earns 2900 monthly but wants 8700                                         
Perkins earns 2500 monthly but wants 7500                                       
Bell earns 4000 monthly but wants 12000                                         
Everett earns 3900 monthly but wants 11700                                      
McCain earns 3200 monthly but wants 9600                                        
Jones earns 2800 monthly but wants 8400                                         
Walsh earns 3100 monthly but wants 9300                                         
Feeney earns 3000 monthly but wants 9000                                        
OConnell earns 2600 monthly but wants 7800                                      

LAST_NAME||'EARNS'||SALARY||'MONTHLYBUTWANTS'||SALARY*3                         
--------------------------------------------------------------------------------
Grant earns 2600 monthly but wants 7800                                         
Whalen earns 4400 monthly but wants 13200                                       
Hartstein earns 13000 monthly but wants 39000                                   
Fay earns 6000 monthly but wants 18000                                          
Mavris earns 6500 monthly but wants 19500                                       
Baer earns 10000 monthly but wants 30000                                        
Higgins earns 12008 monthly but wants 36024                                     
Gietz earns 8300 monthly but wants 24900                                        

107 rows selected.

SQL> select last_name , lpad(salary , 13,'$')
  2  from employees;

LAST_NAME                 LPAD(SALARY,1                                         
------------------------- -------------                                         
King                      $$$$$$$$24000                                         
Kochhar                   $$$$$$$$17000                                         
De Haan                   $$$$$$$$17000                                         
Hunold                    $$$$$$$$$9000                                         
Ernst                     $$$$$$$$$6000                                         
Austin                    $$$$$$$$$4800                                         
Pataballa                 $$$$$$$$$4800                                         
Lorentz                   $$$$$$$$$4200                                         
Greenberg                 $$$$$$$$12008                                         
Faviet                    $$$$$$$$$9000                                         
Chen                      $$$$$$$$$8200                                         

LAST_NAME                 LPAD(SALARY,1                                         
------------------------- -------------                                         
Sciarra                   $$$$$$$$$7700                                         
Urman                     $$$$$$$$$7800                                         
Popp                      $$$$$$$$$6900                                         
Raphaely                  $$$$$$$$11000                                         
Khoo                      $$$$$$$$$3100                                         
Baida                     $$$$$$$$$2900                                         
Tobias                    $$$$$$$$$2800                                         
Himuro                    $$$$$$$$$2600                                         
Colmenares                $$$$$$$$$2500                                         
Weiss                     $$$$$$$$$8000                                         
Fripp                     $$$$$$$$$8200                                         

LAST_NAME                 LPAD(SALARY,1                                         
------------------------- -------------                                         
Kaufling                  $$$$$$$$$7900                                         
Vollman                   $$$$$$$$$6500                                         
Mourgos                   $$$$$$$$$5800                                         
Nayer                     $$$$$$$$$3200                                         
Mikkilineni               $$$$$$$$$2700                                         
Landry                    $$$$$$$$$2400                                         
Markle                    $$$$$$$$$2200                                         
Bissot                    $$$$$$$$$3300                                         
Atkinson                  $$$$$$$$$2800                                         
Marlow                    $$$$$$$$$2500                                         
Olson                     $$$$$$$$$2100                                         

LAST_NAME                 LPAD(SALARY,1                                         
------------------------- -------------                                         
Mallin                    $$$$$$$$$3300                                         
Rogers                    $$$$$$$$$2900                                         
Gee                       $$$$$$$$$2400                                         
Philtanker                $$$$$$$$$2200                                         
Ladwig                    $$$$$$$$$3600                                         
Stiles                    $$$$$$$$$3200                                         
Seo                       $$$$$$$$$2700                                         
Patel                     $$$$$$$$$2500                                         
Rajs                      $$$$$$$$$3500                                         
Davies                    $$$$$$$$$3100                                         
Matos                     $$$$$$$$$2600                                         

LAST_NAME                 LPAD(SALARY,1                                         
------------------------- -------------                                         
Vargas                    $$$$$$$$$2500                                         
Russell                   $$$$$$$$14000                                         
Partners                  $$$$$$$$13500                                         
Errazuriz                 $$$$$$$$12000                                         
Cambrault                 $$$$$$$$11000                                         
Zlotkey                   $$$$$$$$10500                                         
Tucker                    $$$$$$$$10000                                         
Bernstein                 $$$$$$$$$9500                                         
Hall                      $$$$$$$$$9000                                         
Olsen                     $$$$$$$$$8000                                         
Cambrault                 $$$$$$$$$7500                                         

LAST_NAME                 LPAD(SALARY,1                                         
------------------------- -------------                                         
Tuvault                   $$$$$$$$$7000                                         
King                      $$$$$$$$10000                                         
Sully                     $$$$$$$$$9500                                         
McEwen                    $$$$$$$$$9000                                         
Smith                     $$$$$$$$$8000                                         
Doran                     $$$$$$$$$7500                                         
Sewall                    $$$$$$$$$7000                                         
Vishney                   $$$$$$$$10500                                         
Greene                    $$$$$$$$$9500                                         
Marvins                   $$$$$$$$$7200                                         
Lee                       $$$$$$$$$6800                                         

LAST_NAME                 LPAD(SALARY,1                                         
------------------------- -------------                                         
Ande                      $$$$$$$$$6400                                         
Banda                     $$$$$$$$$6200                                         
Ozer                      $$$$$$$$11500                                         
Bloom                     $$$$$$$$10000                                         
Fox                       $$$$$$$$$9600                                         
Smith                     $$$$$$$$$7400                                         
Bates                     $$$$$$$$$7300                                         
Kumar                     $$$$$$$$$6100                                         
Abel                      $$$$$$$$11000                                         
Hutton                    $$$$$$$$$8800                                         
Taylor                    $$$$$$$$$8600                                         

LAST_NAME                 LPAD(SALARY,1                                         
------------------------- -------------                                         
Livingston                $$$$$$$$$8400                                         
Grant                     $$$$$$$$$7000                                         
Johnson                   $$$$$$$$$6200                                         
Taylor                    $$$$$$$$$3200                                         
Fleaur                    $$$$$$$$$3100                                         
Sullivan                  $$$$$$$$$2500                                         
Geoni                     $$$$$$$$$2800                                         
Sarchand                  $$$$$$$$$4200                                         
Bull                      $$$$$$$$$4100                                         
Dellinger                 $$$$$$$$$3400                                         
Cabrio                    $$$$$$$$$3000                                         

LAST_NAME                 LPAD(SALARY,1                                         
------------------------- -------------                                         
Chung                     $$$$$$$$$3800                                         
Dilly                     $$$$$$$$$3600                                         
Gates                     $$$$$$$$$2900                                         
Perkins                   $$$$$$$$$2500                                         
Bell                      $$$$$$$$$4000                                         
Everett                   $$$$$$$$$3900                                         
McCain                    $$$$$$$$$3200                                         
Jones                     $$$$$$$$$2800                                         
Walsh                     $$$$$$$$$3100                                         
Feeney                    $$$$$$$$$3000                                         
OConnell                  $$$$$$$$$2600                                         

LAST_NAME                 LPAD(SALARY,1                                         
------------------------- -------------                                         
Grant                     $$$$$$$$$2600                                         
Whalen                    $$$$$$$$$4400                                         
Hartstein                 $$$$$$$$13000                                         
Fay                       $$$$$$$$$6000                                         
Mavris                    $$$$$$$$$6500                                         
Baer                      $$$$$$$$10000                                         
Higgins                   $$$$$$$$12008                                         
Gietz                     $$$$$$$$$8300                                         

107 rows selected.

SQL> spool off;
